Archive member included to satisfy reference by file (symbol)

/usr/lib/gcc/x86_64-pc-cygwin/11/../../../../lib/libcygwin.a(cygwin1_dll_d000007.o)
                              build/project/app_manager.o (__assert_func)
/usr/lib/gcc/x86_64-pc-cygwin/11/../../../../lib/libcygwin.a(cygwin1_dll_d000015.o)
                              /usr/lib/gcc/x86_64-pc-cygwin/11/crtbegin.o (__cxa_atexit)
/usr/lib/gcc/x86_64-pc-cygwin/11/../../../../lib/libcygwin.a(cygwin1_dll_d000022.o)
                              build/main/freertos_hooks.o (__errno)
/usr/lib/gcc/x86_64-pc-cygwin/11/../../../../lib/libcygwin.a(cygwin1_dll_d000035.o)
                              build/FreeRTOS-Kernel/port.o (__getreent)
/usr/lib/gcc/x86_64-pc-cygwin/11/../../../../lib/libcygwin.a(cygwin1_dll_d000043.o)
                              build/project/lftpd.o (__locale_ctype_ptr)
/usr/lib/gcc/x86_64-pc-cygwin/11/../../../../lib/libcygwin.a(cygwin1_dll_d000046.o)
                              build/main/main.o (__main)
/usr/lib/gcc/x86_64-pc-cygwin/11/../../../../lib/libcygwin.a(cygwin1_dll_d000127.o)
                              build/FreeRTOS-Kernel/port.o (abort)
/usr/lib/gcc/x86_64-pc-cygwin/11/../../../../lib/libcygwin.a(cygwin1_dll_d000129.o)
                              build/project/lftpd.o (accept)
/usr/lib/gcc/x86_64-pc-cygwin/11/../../../../lib/libcygwin.a(cygwin1_dll_d000222.o)
                              build/project/lftpd.o (asprintf)
/usr/lib/gcc/x86_64-pc-cygwin/11/../../../../lib/libcygwin.a(cygwin1_dll_d000242.o)
                              build/project/lftpd_inet.o (bind)
/usr/lib/gcc/x86_64-pc-cygwin/11/../../../../lib/libcygwin.a(cygwin1_dll_d000299.o)
                              build/main/freertos_hooks.o (chdir)
/usr/lib/gcc/x86_64-pc-cygwin/11/../../../../lib/libcygwin.a(cygwin1_dll_d000312.o)
                              build/FreeRTOS-Kernel/port.o (clock_gettime)
/usr/lib/gcc/x86_64-pc-cygwin/11/../../../../lib/libcygwin.a(cygwin1_dll_d000322.o)
                              build/project/lftpd.o (close)
/usr/lib/gcc/x86_64-pc-cygwin/11/../../../../lib/libcygwin.a(cygwin1_dll_d000323.o)
                              build/project/lftpd.o (closedir)
/usr/lib/gcc/x86_64-pc-cygwin/11/../../../../lib/libcygwin.a(cygwin1_dll_d000467.o)
                              build/main/freertos_hooks.o (exit)
/usr/lib/gcc/x86_64-pc-cygwin/11/../../../../lib/libcygwin.a(cygwin1_dll_d000491.o)
                              build/project/lftpd.o (fclose)
/usr/lib/gcc/x86_64-pc-cygwin/11/../../../../lib/libcygwin.a(cygwin1_dll_d000568.o)
                              build/project/lftpd.o (fopen)
/usr/lib/gcc/x86_64-pc-cygwin/11/../../../../lib/libcygwin.a(cygwin1_dll_d000573.o)
                              build/FreeRTOS-Kernel/port.o (fprintf)
/usr/lib/gcc/x86_64-pc-cygwin/11/../../../../lib/libcygwin.a(cygwin1_dll_d000583.o)
                              build/project/lftpd.o (fread)
/usr/lib/gcc/x86_64-pc-cygwin/11/../../../../lib/libcygwin.a(cygwin1_dll_d000585.o)
                              build/FreeRTOS-Kernel/wait_for_event.o (free)
/usr/lib/gcc/x86_64-pc-cygwin/11/../../../../lib/libcygwin.a(cygwin1_dll_d000626.o)
                              build/FreeRTOS-Kernel/port.o (fwrite)
/usr/lib/gcc/x86_64-pc-cygwin/11/../../../../lib/libcygwin.a(cygwin1_dll_d000669.o)
                              build/FreeRTOS-Kernel/port.o (getitimer)
/usr/lib/gcc/x86_64-pc-cygwin/11/../../../../lib/libcygwin.a(cygwin1_dll_d000684.o)
                              build/project/lftpd.o (getpeername)
/usr/lib/gcc/x86_64-pc-cygwin/11/../../../../lib/libcygwin.a(cygwin1_dll_d000708.o)
                              build/project/lftpd.o (getsockname)
/usr/lib/gcc/x86_64-pc-cygwin/11/../../../../lib/libcygwin.a(cygwin1_dll_d000742.o)
                              build/project/lftpd.o (htonl)
/usr/lib/gcc/x86_64-pc-cygwin/11/../../../../lib/libcygwin.a(cygwin1_dll_d000743.o)
                              build/project/lftpd_inet.o (htons)
/usr/lib/gcc/x86_64-pc-cygwin/11/../../../../lib/libcygwin.a(cygwin1_dll_d000756.o)
                              build/project/lftpd_inet.o (in6addr_any)
/usr/lib/gcc/x86_64-pc-cygwin/11/../../../../lib/libcygwin.a(cygwin1_dll_d000765.o)
                              build/project/lftpd.o (inet_ntop)
/usr/lib/gcc/x86_64-pc-cygwin/11/../../../../lib/libcygwin.a(cygwin1_dll_d000864.o)
                              build/project/lftpd_inet.o (listen)
/usr/lib/gcc/x86_64-pc-cygwin/11/../../../../lib/libcygwin.a(cygwin1_dll_d000898.o)
                              build/Unity/unity.o (longjmp)
/usr/lib/gcc/x86_64-pc-cygwin/11/../../../../lib/libcygwin.a(cygwin1_dll_d000915.o)
                              build/FreeRTOS-Kernel/wait_for_event.o (malloc)
/usr/lib/gcc/x86_64-pc-cygwin/11/../../../../lib/libcygwin.a(cygwin1_dll_d000931.o)
                              build/FreeRTOS-Kernel/StreamBufferDemo.o (memcmp)
/usr/lib/gcc/x86_64-pc-cygwin/11/../../../../lib/libcygwin.a(cygwin1_dll_d000932.o)
[...]
Memory Configuration

Name             Origin             Length             Attributes
*default*        0x0000000000000000 0xffffffffffffffff

Linker script and memory map

                0x0000000100400000                __image_base__ = 0x100400000
                0x0000000000000000                __dll__ = 0x0
                0x0000000100400000                __ImageBase = 0x100400000
                0x0000000000001000                __section_alignment__ = 0x1000
                0x0000000000000200                __file_alignment__ = 0x200
                0x0000000000000004                __major_os_version__ = 0x4
                0x0000000000000000                __minor_os_version__ = 0x0
                0x0000000000000000                __major_image_version__ = 0x0
                0x0000000000000000                __minor_image_version__ = 0x0
                0x0000000000000005                __major_subsystem_version__ = 0x5
                0x0000000000000002                __minor_subsystem_version__ = 0x2
                0x0000000000000003                __subsystem__ = 0x3
                0x0000000000200000                __size_of_stack_reserve__ = 0x200000
                0x0000000000001000                __size_of_stack_commit__ = 0x1000
                0x0000000000100000                __size_of_heap_reserve__ = 0x100000
                0x0000000000001000                __size_of_heap_commit__ = 0x1000
                0x0000000000000000                __loader_flags__ = 0x0
                0x0000000000008000                __dll_characteristics__ = 0x8000
LOAD /usr/lib/gcc/x86_64-pc-cygwin/11/../../../../lib/crt0.o
LOAD /usr/lib/gcc/x86_64-pc-cygwin/11/crtbegin.o
LOAD build/main/freertos_hooks.o
LOAD build/main/main.o
LOAD build/main/esp_mock.o
LOAD build/main/ow_esp32.o
LOAD build/main/pcf8574.o
LOAD build/main/wifi_mock.o
LOAD build/FreeRTOS-Kernel/croutine.o
LOAD build/FreeRTOS-Kernel/event_groups.o
LOAD build/FreeRTOS-Kernel/list.o
LOAD build/FreeRTOS-Kernel/queue.o
LOAD build/FreeRTOS-Kernel/stream_buffer.o
LOAD build/FreeRTOS-Kernel/tasks.o
LOAD build/FreeRTOS-Kernel/timers.o
LOAD build/FreeRTOS-Kernel/heap_4.o
LOAD build/FreeRTOS-Kernel/port.o
LOAD build/FreeRTOS-Kernel/wait_for_event.o
LOAD build/FreeRTOS-Kernel/AbortDelay.o
LOAD build/FreeRTOS-Kernel/BlockQ.o
LOAD build/FreeRTOS-Kernel/blocktim.o
LOAD build/FreeRTOS-Kernel/countsem.o
LOAD build/FreeRTOS-Kernel/death.o
LOAD build/FreeRTOS-Kernel/dynamic.o
LOAD build/FreeRTOS-Kernel/EventGroupsDemo.o
LOAD build/FreeRTOS-Kernel/flop.o
LOAD build/FreeRTOS-Kernel/GenQTest.o
LOAD build/FreeRTOS-Kernel/integer.o
LOAD build/FreeRTOS-Kernel/IntSemTest.o
LOAD build/FreeRTOS-Kernel/MessageBufferAMP.o
LOAD build/FreeRTOS-Kernel/MessageBufferDemo.o
LOAD build/FreeRTOS-Kernel/PollQ.o
LOAD build/FreeRTOS-Kernel/QPeek.o
LOAD build/FreeRTOS-Kernel/QueueOverwrite.o
LOAD build/FreeRTOS-Kernel/QueueSet.o
LOAD build/FreeRTOS-Kernel/QueueSetPolling.o
LOAD build/FreeRTOS-Kernel/recmutex.o
LOAD build/FreeRTOS-Kernel/semtest.o
LOAD build/FreeRTOS-Kernel/StaticAllocation.o
LOAD build/FreeRTOS-Kernel/StreamBufferDemo.o
LOAD build/FreeRTOS-Kernel/StreamBufferInterrupt.o
LOAD build/FreeRTOS-Kernel/TaskNotify.o
LOAD build/FreeRTOS-Kernel/TimerDemo.o
LOAD build/Unity/unity.o
LOAD build/Unity/unity_fixture.o
LOAD build/project/app_manager.o
LOAD build/project/network_manager.o
LOAD build/project/config.o
LOAD build/project/temperature.o
LOAD build/project/wifidrv.o
LOAD build/project/ow_device_ds18x20.o
LOAD build/project/ow.o
LOAD build/project/app_events.o
LOAD build/project/app_timers.o
LOAD build/project/lftpd.o
LOAD build/project/lftpd_inet.o
LOAD build/project/lftpd_io.o
LOAD build/project/lftpd_log.o
LOAD build/project/lftpd_string.o
LOAD /usr/lib/w32api/libwinmm.a
LOAD /usr/lib/gcc/x86_64-pc-cygwin/11/libgcc_s.dll.a
LOAD /usr/lib/gcc/x86_64-pc-cygwin/11/libgcc.a
LOAD /usr/lib/gcc/x86_64-pc-cygwin/11/../../../../lib/libcygwin.a
LOAD /usr/lib/w32api/libadvapi32.a
LOAD /usr/lib/w32api/libshell32.a
LOAD /usr/lib/w32api/libuser32.a
LOAD /usr/lib/w32api/libkernel32.a
LOAD /usr/lib/gcc/x86_64-pc-cygwin/11/libgcc_s.dll.a
LOAD /usr/lib/gcc/x86_64-pc-cygwin/11/libgcc.a
LOAD /usr/lib/gcc/x86_64-pc-cygwin/11/../../../../lib/default-manifest.o
LOAD /usr/lib/gcc/x86_64-pc-cygwin/11/crtend.o
                0x00000000000004a8                . = SIZEOF_HEADERS
                0x0000000000001000                . = ALIGN (__section_alignment__)

.text           0x0000000100401000    0x21800
 *(SORT_NONE(.init))
 *(.text)
 .text          0x0000000100401000       0x50 /usr/lib/gcc/x86_64-pc-cygwin/11/../../../../lib/crt0.o
                0x0000000100401000                WinMainCRTStartup
                0x0000000100401000                mainCRTStartup
 .text          0x0000000100401050       0x30 /usr/lib/gcc/x86_64-pc-cygwin/11/crtbegin.o
                0x0000000100401050                __gcc_register_frame
                0x0000000100401070                __gcc_deregister_frame
 .text          0x0000000100401080      0x220 build/main/freertos_hooks.o
                0x0000000100401080                vApplicationMallocFailedHook
                0x00000001004010a3                vApplicationIdleHook
                0x00000001004010c1                vApplicationStackOverflowHook
                0x00000001004010ec                vApplicationTickHook
                0x00000001004010f3                traceOnEnter
                0x00000001004010fa                vLoggingPrintf
                0x0000000100401131                vApplicationDaemonTaskStartupHook
                0x0000000100401138                vAssertCalled
                0x000000010040119b                vApplicationGetIdleTaskMemory
                0x00000001004011d4                vApplicationGetTimerTaskMemory
                0x000000010040125e                vTraceTimerReset
                0x0000000100401278                uiTraceTimerGetFrequency
                0x0000000100401283                uiTraceTimerGetValue
 .text          0x00000001004012a0       0xd0 build/main/main.o
                0x00000001004012a7                _task
                0x00000001004012e9                main
 .text          0x0000000100401370       0x10 build/main/esp_mock.o
                0x0000000100401370                esp_restart
 .text          0x0000000100401380       0x50 build/main/ow_esp32.o
                0x0000000100401380                OWUart_init
                0x000000010040138f                OWUart_deinit
                0x000000010040139e                OWUart_setBaudrate
                0x00000001004013b0                OWUart_transmitReceive
 .text          0x00000001004013d0      0x130 build/main/pcf8574.o
                0x00000001004013d0                pcf8574_init
                0x00000001004013d7                pcf8574_getoutput
                0x00000001004013f2                pcf8574_getoutputpin
                0x0000000100401412                pcf8574_setoutput
                0x0000000100401427                pcf8574_setoutputpins
                0x000000010040144e                pcf8574_setoutputpin
                0x0000000100401469                pcf8574_setoutputpinhigh
                0x0000000100401496                pcf8574_setoutputpinlow
                0x00000001004014c3                pcf8574_getinput
                0x00000001004014e0                pcf8574_getinputpin
 .text          0x0000000100401500       0xa0 build/main/wifi_mock.o
                0x0000000100401500                WiFiInitAccessPoint
                0x000000010040150f                WiFiInitSTA
                0x000000010040151a                WiFiDeinit
                0x0000000100401525                WiFiConnect
                0x0000000100401538                WiFiConnectLastData
                0x0000000100401543                WiFiDisconnect
                0x000000010040154e                WiFiStop
                0x0000000100401559                WiFiReadInfo
                0x0000000100401568                wifiDataSave
                0x0000000100401577                wifiDataRead
                0x0000000100401586                WiFiWPSStart
                0x0000000100401594                WiFiWPSStop
 .text          0x00000001004015a0        0x0 build/FreeRTOS-Kernel/croutine.o
 .text          0x00000001004015a0      0x790 build/FreeRTOS-Kernel/event_groups.o
                0x00000001004015a0                xEventGroupCreateStatic
                0x00000001004015e8                xEventGroupCreate
                0x0000000100401632                xEventGroupSync
                0x0000000100401796                xEventGroupWaitBits
                0x0000000100401940                xEventGroupClearBits
                0x000000010040198f                xEventGroupClearBitsFromISR
                0x00000001004019cd                xEventGroupGetBitsFromISR
                0x0000000100401a0b                xEventGroupSetBits
                0x0000000100401b70                vEventGroupDelete
                0x0000000100401bdf                vEventGroupSetBitsCallback
                0x0000000100401c04                vEventGroupClearBitsCallback
                0x0000000100401c89                xEventGroupSetBitsFromISR
                0x0000000100401cce                uxEventGroupGetNumber
                0x0000000100401d09                vEventGroupSetNumber
 .text          0x0000000100401d30      0x230 build/FreeRTOS-Kernel/list.o
                0x0000000100401d30                vListInitialise
                0x0000000100401d82                vListInitialiseItem
                0x0000000100401d99                vListInsertEnd
                0x0000000100401e12                vListInsert
                0x0000000100401eca                uxListRemove
 .text          0x0000000100401f60     0x1cd0 build/FreeRTOS-Kernel/queue.o
                0x0000000100401f60                xQueueGenericReset
                0x00000001004020c7                xQueueGenericCreateStatic
                0x000000010040215f                xQueueGenericCreate
                0x0000000100402316                xQueueCreateMutex
                0x0000000100402364                xQueueCreateMutexStatic
                0x00000001004023c4                xQueueGetMutexHolder
                0x000000010040240e                xQueueGetMutexHolderFromISR
                0x0000000100402446                xQueueGiveMutexRecursive
                0x00000001004024cd                xQueueTakeMutexRecursive
                0x0000000100402552                xQueueCreateCountingSemaphoreStatic
                0x00000001004025c6                xQueueCreateCountingSemaphore
                0x0000000100402627                xQueueGenericSend
                0x000000010040282f                xQueueGenericSendFromISR
                0x0000000100402990                xQueueGiveFromISR
                0x0000000100402abc                xQueueReceive
                0x0000000100402c7d                xQueueSemaphoreTake
                0x0000000100402eb4                xQueuePeek
                0x000000010040307d                xQueueReceiveFromISR
                0x000000010040317b                xQueuePeekFromISR
                0x00000001004031f9                uxQueueMessagesWaiting
                0x0000000100403225                uxQueueSpacesAvailable
                0x0000000100403267                uxQueueMessagesWaitingFromISR
                0x0000000100403291                vQueueDelete
                0x00000001004032d6                uxQueueGetQueueNumber
                0x00000001004032eb                vQueueSetQueueNumber
                0x0000000100403309                ucQueueGetQueueType
                0x00000001004036c1                xQueueIsQueueEmptyFromISR
                0x0000000100403745                xQueueIsQueueFullFromISR
                0x000000010040378a                vQueueAddToRegistry
                0x0000000100403861                pcQueueGetName
                0x00000001004038ce                vQueueUnregisterQueue
                0x000000010040394b                vQueueWaitForMessageRestricted
                0x00000001004039e3                xQueueCreateSet
                0x0000000100403a11                xQueueAddToSet
                0x0000000100403a7d                xQueueRemoveFromSet
                0x0000000100403af2                xQueueSelectFromSet
                0x0000000100403b2b                xQueueSelectFromSetFromISR
 .text          0x0000000100403c30      0xf50 build/FreeRTOS-Kernel/stream_buffer.o
                0x0000000100403c30                xStreamBufferGenericCreate
                0x0000000100403cd9                xStreamBufferGenericCreateStatic
                0x0000000100403d89                vStreamBufferDelete
                0x0000000100403ddb                xStreamBufferReset
                0x0000000100403e9d                xStreamBufferSetTriggerLevel
                0x0000000100403efa                xStreamBufferSpacesAvailable
                0x0000000100403f74                xStreamBufferBytesAvailable
                0x0000000100403fa2                xStreamBufferSend
                0x0000000100404197                xStreamBufferSendFromISR
                0x000000010040435e                xStreamBufferReceive
                0x00000001004044e7                xStreamBufferNextMessageLengthBytes
                0x000000010040456a                xStreamBufferReceiveFromISR
                0x0000000100404739                xStreamBufferIsEmpty
                0x0000000100404782                xStreamBufferIsFull
                0x00000001004047e5                xStreamBufferSendCompletedFromISR
                0x000000010040487a                xStreamBufferReceiveCompletedFromISR
                0x0000000100404b3e                uxStreamBufferGetStreamBufferNumber
                0x0000000100404b50                vStreamBufferSetStreamBufferNumber
                0x0000000100404b6b                ucStreamBufferGetStreamBufferType
 .text          0x0000000100404b80     0x4300 build/FreeRTOS-Kernel/tasks.o
                0x0000000100404b80                xTaskCreateStatic
                0x0000000100404c45                xTaskCreate
                0x0000000100404d42                prvInitialiseNewTask
                0x0000000100404ebc                prvAddNewTaskToReadyList
                0x0000000100405095                vTaskDelete
                0x00000001004051b1                xTaskDelayUntil
                0x000000010040528a                vTaskDelay
                0x00000001004052da                eTaskGetState
                0x00000001004053e3                uxTaskPriorityGet
                0x0000000100405427                uxTaskPriorityGetFromISR
                0x0000000100405476                vTaskPrioritySet
                0x00000001004056e7                vTaskSuspend
                0x0000000100405814                prvTaskIsTaskSuspended
                0x0000000100405880                vTaskResume
                0x0000000100405a04                xTaskResumeFromISR
                0x0000000100405bb8                vTaskStartScheduler
                0x0000000100405ca0                vTaskEndScheduler
                0x0000000100405cc4                vTaskSuspendAll
                0x0000000100405cdd                xTaskResumeAll
                0x0000000100405fd9                xTaskGetTickCount
                0x0000000100405ff6                xTaskGetTickCountFromISR
                0x000000010040601b                uxTaskGetNumberOfTasks
                0x0000000100406028                pcTaskGetName
                0x000000010040605a                prvSearchForNameWithinSingleList
                0x00000001004061c4                xTaskGetHandle
                0x00000001004062a6                uxTaskGetSystemState
                0x0000000100406430                xTaskGetIdleTaskHandle
                0x000000010040643d                xTaskCatchUpTicks
                0x0000000100406480                xTaskAbortDelay
                0x000000010040662e                xTaskIncrementTick
                0x00000001004069bd                vTaskSetApplicationTaskTag
                0x0000000100406a09                xTaskGetApplicationTaskTag
                0x0000000100406a50                xTaskGetApplicationTaskTagFromISR
                0x0000000100406aa2                xTaskCallApplicationTaskHook
                0x0000000100406b0a                vTaskSwitchContext
                0x0000000100406c41                vTaskPlaceOnEventList
                0x0000000100406c80                vTaskPlaceOnUnorderedEventList
                0x0000000100406d39                vTaskPlaceOnEventListRestricted
                0x0000000100406dec                xTaskRemoveFromEventList
                0x00000001004070aa                vTaskRemoveFromUnorderedEventList
                0x00000001004072e1                vTaskSetTimeOutState
                0x000000010040731b                vTaskInternalSetTimeOutState
                0x0000000100407343                xTaskCheckForTimeOut
                0x0000000100407447                vTaskMissedYield
                0x0000000100407459                uxTaskGetTaskNumber
                0x0000000100407497                vTaskSetTaskNumber
                0x00000001004074cc                prvIdleTask
                0x00000001004074f9                prvInitialiseTaskLists
                0x00000001004075a9                prvCheckTasksWaitingTermination
                0x0000000100407620                vTaskGetInfo
                0x0000000100407758                prvListTasksWithinSingleList
                0x0000000100407882                prvTaskCheckFreeStackSpace
                0x00000001004078bd                uxTaskGetStackHighWaterMark2
                0x0000000100407905                uxTaskGetStackHighWaterMark
                0x0000000100407951                prvDeleteTCB
                0x00000001004079b2                prvResetNextTaskUnblockTime
                0x00000001004079ea                xTaskGetCurrentTaskHandle
                0x0000000100407a07                xTaskGetSchedulerState
                0x0000000100407a4d                xTaskPriorityInherit
                0x0000000100407c63                xTaskPriorityDisinherit
                0x0000000100407e27                vTaskPriorityDisinheritAfterTimeout
                0x0000000100408031                uxTaskResetEventItemValue
                0x0000000100408070                pvTaskIncrementMutexHeldCount
                0x00000001004080a2                ulTaskGenericNotifyTake
                0x0000000100408193                xTaskGenericNotifyWait
                0x00000001004082cd                xTaskGenericNotify
                0x00000001004085a3                xTaskGenericNotifyFromISR
                0x0000000100408917                vTaskGenericNotifyGiveFromISR
                0x0000000100408bcb                xTaskGenericNotifyStateClear
                0x0000000100408c45                ulTaskGenericNotifyValueClear
                0x0000000100408cc0                ulTaskGetIdleRunTimeCounter
                0x0000000100408cd3                ulTaskGetIdleRunTimePercent
                0x0000000100408d29                prvAddCurrentTaskToDelayedList
 .text          0x0000000100408e80      0xc60 build/FreeRTOS-Kernel/timers.o
                0x0000000100408e80                xTimerCreateTimerTask
                0x0000000100408f34                xTimerCreate
                0x0000000100408fa3                xTimerCreateStatic
                0x000000010040908a                xTimerGenericCommand
                0x0000000100409160                xTimerGetTimerDaemonTaskHandle
                0x000000010040916d                xTimerGetPeriod
                0x000000010040918f                vTimerSetReloadMode
                0x00000001004091e9                xTimerGetReloadMode
                0x0000000100409235                uxTimerGetReloadMode
                0x0000000100409250                xTimerGetExpiryTime
                0x000000010040927a                pcTimerGetName
                0x0000000100409935                xTimerIsTimerActive
                0x0000000100409981                pvTimerGetTimerID
                0x00000001004099b5                vTimerSetTimerID
                0x00000001004099ea                xTimerPendFunctionCallFromISR
                0x0000000100409a4e                xTimerPendFunctionCall
                0x0000000100409ab2                uxTimerGetTimerNumber
                0x0000000100409ac4                vTimerSetTimerNumber
 .text          0x0000000100409ae0      0x6a0 build/FreeRTOS-Kernel/heap_4.o
                0x0000000100409ae0                pvPortMalloc
                0x0000000100409cdf                vPortFree
                0x0000000100409d9c                xPortGetFreeHeapSize
                0x0000000100409da9                xPortGetMinimumEverFreeHeapSize
                0x0000000100409db6                vPortInitialiseBlocks
                0x0000000100409dbd                pvPortCalloc
                0x000000010040a06e                vPortGetHeapStats
 .text          0x000000010040a180      0x820 build/FreeRTOS-Kernel/port.o
                0x000000010040a1e9                pxPortInitialiseStack
                0x000000010040a35e                xPortStartScheduler
                0x000000010040a40e                vPortEndScheduler
                0x000000010040a4c6                vPortEnterCritical
                0x000000010040a4f8                vPortExitCritical
                0x000000010040a570                vPortYield
                0x000000010040a58e                vPortDisableInterrupts
                0x000000010040a5b7                vPortEnableInterrupts
                0x000000010040a5e0                xPortSetInterruptMask
                0x000000010040a5eb                vPortClearInterruptMask
                0x000000010040a73e                vPortThreadDying
                0x000000010040a76e                vPortCancelThread
                0x000000010040a97f                ulPortGetRunTime
 .text          0x000000010040a9a0      0x240 build/FreeRTOS-Kernel/wait_for_event.o
                0x000000010040a9a0                event_create
                0x000000010040a9ee                event_delete
                0x000000010040aa26                event_wait
                0x000000010040aa82                event_wait_timed
                0x000000010040ab97                event_signal
 .text          0x000000010040abe0      0xbb0 build/FreeRTOS-Kernel/AbortDelay.o
                0x000000010040abe0                vCreateAbortDelayTasks
                0x000000010040b70e                xAreAbortDelayTestTasksStillRunning
 .text          0x000000010040b790      0x4e0 build/FreeRTOS-Kernel/BlockQ.o
                0x000000010040b790                vStartBlockingQueueTasks
                0x000000010040bb81                xAreBlockingQueuesStillRunning
 .text          0x000000010040bc70      0x930 build/FreeRTOS-Kernel/blocktim.o
                0x000000010040bc70                vCreateBlockTimeTasks
                0x000000010040c518                xAreBlockTimeTestTasksStillRunning
 .text          0x000000010040c5a0      0x3a0 build/FreeRTOS-Kernel/countsem.o
                0x000000010040c5a0                vStartCountingSemaphoreTasks
                0x000000010040c8b1                xAreCountingSemaphoreTasksStillRunning
 .text          0x000000010040c940      0x240 build/FreeRTOS-Kernel/death.o
                0x000000010040c940                vCreateSuicidalTasks
                0x000000010040cae8                xIsCreateTaskStillRunning
 .text          0x000000010040cb80      0x480 build/FreeRTOS-Kernel/dynamic.o
                0x000000010040cb80                vStartDynamicPriorityTasks
                0x000000010040cf6c                xAreDynamicPriorityTasksStillRunning
 .text          0x000000010040d000      0xef0 build/FreeRTOS-Kernel/EventGroupsDemo.o
                0x000000010040d000                vStartEventGroupTasks
                0x000000010040dd1a                vPeriodicEventGroupsProcessing
                0x000000010040de5d                xAreEventGroupTasksStillRunning
 .text          0x000000010040def0      0x640 build/FreeRTOS-Kernel/flop.o
                0x000000010040def0                vStartMathTasks
                0x000000010040e4ba                xAreMathsTaskStillRunning
 .text          0x000000010040e530      0xe50 build/FreeRTOS-Kernel/GenQTest.o
                0x000000010040e530                vStartGenericQueueTasks
                0x000000010040f31b                xAreGenericQueueTasksStillRunning
 .text          0x000000010040f380      0x1a0 build/FreeRTOS-Kernel/integer.o
                0x000000010040f380                vStartIntegerMathTasks
                0x000000010040f49e                xAreIntegerMathsTaskStillRunning
 .text          0x000000010040f520      0x730 build/FreeRTOS-Kernel/IntSemTest.o
                0x000000010040f520                vStartInterruptSemaphoreTasks
                0x000000010040fb5d                vInterruptSemaphorePeriodicTest
                0x000000010040fbdb                xAreInterruptSemaphoreTasksStillRunning
 .text          0x000000010040fc50      0x3b0 build/FreeRTOS-Kernel/MessageBufferAMP.o
                0x000000010040fc50                vStartMessageBufferAMPTasks
                0x000000010040feb9                vGenerateCoreBInterrupt
                0x000000010040ff62                xAreMessageBufferAMPTasksStillRunning
 .text          0x0000000100410000      0xf70 build/FreeRTOS-Kernel/MessageBufferDemo.o
                0x0000000100410000                vStartMessageBufferTasks
                0x0000000100410e29                xAreMessageBufferTasksStillRunning
 .text          0x0000000100410f70      0x260 build/FreeRTOS-Kernel/PollQ.o
                0x0000000100410f70                vStartPolledQueueTasks
                0x0000000100411173                xArePollingQueuesStillRunning
 .text          0x00000001004111d0      0x5c0 build/FreeRTOS-Kernel/QPeek.o
                0x00000001004111d0                vStartQueuePeekTasks
                0x0000000100411746                xAreQueuePeekTasksStillRunning
 .text          0x0000000100411790      0x320 build/FreeRTOS-Kernel/QueueOverwrite.o
                0x0000000100411790                vStartQueueOverwriteTask
                0x0000000100411947                xIsQueueOverwriteTaskStillRunning
                0x0000000100411996                vQueueOverwritePeriodicISRDemo
 .text          0x0000000100411ab0     0x1250 build/FreeRTOS-Kernel/QueueSet.o
                0x0000000100411ab0                vStartQueueSetTasks
                0x0000000100411b52                xAreQueueSetTasksStillRunning
                0x0000000100411ed9                vQueueSetAccessQueueSetFromISR
 .text          0x0000000100412d00      0x1d0 build/FreeRTOS-Kernel/QueueSetPolling.o
                0x0000000100412d00                vStartQueueSetPollingTask
                0x0000000100412e31                vQueueSetPollingInterruptAccess
                0x0000000100412e9b                xAreQueueSetPollTasksStillRunning
 .text          0x0000000100412ed0      0x450 build/FreeRTOS-Kernel/recmutex.o
                0x0000000100412ed0                vStartRecursiveMutexTasks
                0x000000010041325c                xAreRecursiveMutexTasksStillRunning
 .text          0x0000000100413320      0x460 build/FreeRTOS-Kernel/semtest.o
                0x0000000100413320                vStartSemaphoreTasks
                0x00000001004136e8                xAreSemaphoreTasksStillRunning
 .text          0x0000000100413780      0xdd0 build/FreeRTOS-Kernel/StaticAllocation.o
                0x0000000100413780                vStartStaticallyAllocatedTasks
                0x00000001004144f1                xAreStaticAllocationTasksStillRunning
 .text          0x0000000100414550     0x2010 build/FreeRTOS-Kernel/StreamBufferDemo.o
                0x0000000100414550                vStartStreamBufferTasks
                0x0000000100416146                vPeriodicStreamBufferProcessing
                0x00000001004163f0                xAreStreamBufferTasksStillRunning
 .text          0x0000000100416560      0x260 build/FreeRTOS-Kernel/StreamBufferInterrupt.o
                0x0000000100416560                vStartStreamBufferInterruptDemo
                0x00000001004166c5                vBasicStreamBufferSendFromISR
                0x0000000100416776                xIsInterruptStreamBufferDemoStillRunning
 .text          0x00000001004167c0      0xc90 build/FreeRTOS-Kernel/TaskNotify.o
                0x00000001004167c0                vStartTaskNotifyTask
                0x000000010041723b                xNotifyTaskFromISR
                0x000000010041738e                xAreTaskNotificationTasksStillRunning
 .text          0x0000000100417450     0x1620 build/FreeRTOS-Kernel/TimerDemo.o
                0x0000000100417450                vStartTimerDemoTask
                0x00000001004174ea                vTimerDemoIncludeBacklogTests
                0x00000001004175bb                xAreTimerDemoTasksStillRunning
                0x0000000100418291                vTimerPeriodicISRTests
 .text          0x0000000100418a70     0x2f30 build/Unity/unity.o
                0x0000000100418b1a                UnityPrint
                0x0000000100418b5a                UnityPrintLen
                0x0000000100418c40                UnityPrintNumberByStyle
                0x0000000100418d4f                UnityPrintNumber
                0x0000000100418d8b                UnityPrintNumberUnsigned
                0x0000000100418e3a                UnityPrintNumberHex
                0x0000000100418eb9                UnityPrintMask
                0x0000000100418f2d                UnityPrintFloat
                0x00000001004194e6                UnityConcludeTest
                0x00000001004197fd                UnityAssertBits
                0x00000001004198ce                UnityAssertEqualNumber
                0x0000000100419995                UnityAssertGreaterOrLessOrEqualNumber
                0x0000000100419b5b                UnityAssertEqualIntArray
                0x0000000100419fae                UnityAssertWithinFloatArray
                0x000000010041a27b                UnityAssertFloatsWithin
                0x000000010041a354                UnityAssertFloatsNotWithin
                0x000000010041a42d                UnityAssertGreaterOrLessFloat
                0x000000010041a5ba                UnityAssertFloatSpecial
                0x000000010041a80f                UnityAssertNumbersWithin
                0x000000010041a992                UnityAssertNumbersArrayWithin
                0x000000010041add2                UnityAssertEqualString
                0x000000010041aef0                UnityAssertEqualStringLen
                0x000000010041b01f                UnityAssertEqualStringArray
                0x000000010041b26e                UnityAssertEqualMemory
                0x000000010041b4f3                UnityNumToPtr
                0x000000010041b568                UnityFloatToPtr
                0x000000010041b587                UnityFail
                0x000000010041b69b                UnityIgnore
                0x000000010041b73d                UnityMessage
                0x000000010041b7a4                UnityDefaultTestRun
                0x000000010041b839                UnitySetTestFile
                0x000000010041b84f                UnityBegin
                0x000000010041b8c8                UnityEnd
 .text          0x000000010041b9a0      0x9a0 build/Unity/unity_fixture.o
                0x000000010041b9a0                setUp
                0x000000010041b9a7                tearDown
                0x000000010041ba08                UnityMain
                0x000000010041bb20                UnityTestRunner
                0x000000010041bc4d                UnityIgnoreTest
                0x000000010041bcef                UnityPointer_Init
                0x000000010041bd00                UnityPointer_Set
                0x000000010041bd96                UnityPointer_UndoAllSets
                0x000000010041bdf1                UnityGetCommandLineOptions
                0x000000010041c26f                UnityConcludeFixtureTest
 .text          0x000000010041c340      0x640 build/project/app_manager.o
                0x000000010041c881                AppManagerPostMsg
                0x000000010041c8db                AppManagerInit
 .text          0x000000010041c980      0x530 build/project/network_manager.o
                0x000000010041cdaa                NetworkManagerPostMsg
                0x000000010041ce04                NetworkManagerInit
 .text          0x000000010041ceb0      0x140 build/project/config.o
                0x000000010041ceb0                config_printf
                0x000000010041cf4e                verify_config
                0x000000010041cf68                configInit
                0x000000010041cfb3                configSave
                0x000000010041cfc2                configRead
                0x000000010041cfd1                configRebootToBlt
 .text          0x000000010041cff0      0x6e0 build/project/temperature.o
                0x000000010041d5c6                TemperaturePostMsg
                0x000000010041d620                TemperatureInit
 .text          0x000000010041d6d0      0x650 build/project/wifidrv.o
                0x000000010041dbee                WifiDrvPostMsg
                0x000000010041dc48                wifiDrvInit
 .text          0x000000010041dd20      0xac0 build/project/ow_device_ds18x20.o
                0x000000010041dd20                ow_ds18x20_start_raw
                0x000000010041dd8d                ow_ds18x20_start
                0x000000010041dde4                ow_ds18x20_read_raw
                0x000000010041e07c                ow_ds18x20_read
                0x000000010041e11b                ow_ds18x20_get_resolution_raw
                0x000000010041e1dd                ow_ds18x20_get_resolution
                0x000000010041e25d                ow_ds18x20_set_resolution_raw
                0x000000010041e3f4                ow_ds18x20_set_resolution
                0x000000010041e486                ow_ds18x20_set_alarm_temp_raw
                0x000000010041e65f                ow_ds18x20_set_alarm_temp
                0x000000010041e6ed                ow_ds18x20_search_alarm_raw
                0x000000010041e718                ow_ds18x20_search_alarm
                0x000000010041e76e                ow_ds18x20_is_b
                0x000000010041e7a4                ow_ds18x20_is_s
 .text          0x000000010041e7e0      0xd50 build/project/ow.o
                0x000000010041e84d                ow_init
                0x000000010041e918                ow_deinit
                0x000000010041e95a                ow_protect
                0x000000010041e97c                ow_unprotect
                0x000000010041e99e                ow_reset_raw
                0x000000010041ea4a                ow_reset
                0x000000010041ea95                ow_write_byte_raw
                0x000000010041eb64                ow_write_byte
                0x000000010041ebbb                ow_read_byte_raw
                0x000000010041ebe9                ow_read_byte
                0x000000010041ec35                ow_read_bit_raw
                0x000000010041ec55                ow_read_bit
                0x000000010041eca1                ow_search_reset_raw
                0x000000010041ecc6                ow_search_reset
                0x000000010041ed11                ow_search_raw
                0x000000010041ed4a                ow_search
                0x000000010041eda0                ow_search_with_command_raw
                0x000000010041ef31                ow_search_with_command
                0x000000010041efa0                ow_match_rom_raw
                0x000000010041f011                ow_match_rom
                0x000000010041f076                ow_skip_rom_raw
                0x000000010041f0a9                ow_skip_rom
                0x000000010041f0f5                ow_crc
                0x000000010041f185                ow_search_with_command_callback
                0x000000010041f28d                ow_search_with_callback
                0x000000010041f2d0                ow_search_devices_with_command_raw
                0x000000010041f3a6                ow_search_devices_with_command
                0x000000010041f437                ow_search_devices_raw
                0x000000010041f4a4                ow_search_devices
 .text          0x000000010041f530      0x4e0 build/project/app_events.o
                0x000000010041f530                AppEventPrepareNoData
                0x000000010041f5e8                AppEventPrepareWithData
                0x000000010041f71e                AppEventGetData
                0x000000010041f7ab                AppEventDelete
                0x000000010041f807                AppEventSearchAndExecute
 .text          0x000000010041fa10      0x1a0 build/project/app_timers.o
                0x000000010041fa10                AppTimersInit
                0x000000010041fabf                AppTimerStart
                0x000000010041fb38                AppTimerStop
 .text          0x000000010041fbb0     0x19c0 build/project/lftpd.o
                0x0000000100421270                lftpd_start
                0x000000010042151d                lftpd_stop
 .text          0x0000000100421570      0x2d0 build/project/lftpd_inet.o
                0x0000000100421570                lftpd_inet_listen
                0x000000010042168a                lftpd_inet_get_socket_port
                0x00000001004216f2                lftpd_inet_read_line
                0x00000001004217b9                lftpd_inet_write_string
 .text          0x0000000100421840      0x1d0 build/project/lftpd_io.o
                0x0000000100421840                lftpd_io_canonicalize_path
 .text          0x0000000100421a10       0xa0 build/project/lftpd_log.o
                0x0000000100421a10                lftpd_log_internal
 .text          0x0000000100421ab0       0xd0 build/project/lftpd_string.o
                0x0000000100421ab0                lftpd_string_trim
 .text          0x0000000100421b80        0x0 /usr/lib/gcc/x86_64-pc-cygwin/11/../../../../lib/libcygwin.a(cygwin1_dll_d000756.o)
 .text          0x0000000100421b80       0x10 /usr/lib/gcc/x86_64-pc-cygwin/11/../../../../lib/libcygwin.a(t-cygwin1_dll_d000007.o)
                0x0000000100421b80                __assert_func
 .text          0x0000000100421b90       0x10 /usr/lib/gcc/x86_64-pc-cygwin/11/../../../../lib/libcygwin.a(t-cygwin1_dll_d000015.o)
                0x0000000100421b90                __cxa_atexit
 .text          0x0000000100421ba0       0x10 /usr/lib/gcc/x86_64-pc-cygwin/11/../../../../lib/libcygwin.a(t-cygwin1_dll_d000022.o)
                0x0000000100421ba0                __errno
 .text          0x0000000100421bb0       0x10 /usr/lib/gcc/x86_64-pc-cygwin/11/../../../../lib/libcygwin.a(t-cygwin1_dll_d000035.o)
                0x0000000100421bb0                __getreent
 .text          0x0000000100421bc0       0x10 /usr/lib/gcc/x86_64-pc-cygwin/11/../../../../lib/libcygwin.a(t-cygwin1_dll_d000043.o)
                0x0000000100421bc0                __locale_ctype_ptr
 .text          0x0000000100421bd0       0x10 /usr/lib/gcc/x86_64-pc-cygwin/11/../../../../lib/libcygwin.a(t-cygwin1_dll_d000046.o)
                0x0000000100421bd0                __main
 .text          0x0000000100421be0       0x10 /usr/lib/gcc/x86_64-pc-cygwin/11/../../../../lib/libcygwin.a(t-cygwin1_dll_d000127.o)
                0x0000000100421be0                abort
 .text          0x0000000100421bf0       0x10 /usr/lib/gcc/x86_64-pc-cygwin/11/../../../../lib/libcygwin.a(t-cygwin1_dll_d000129.o)
                0x0000000100421bf0                accept
 .text          0x0000000100421c00       0x10 /usr/lib/gcc/x86_64-pc-cygwin/11/../../../../lib/libcygwin.a(t-cygwin1_dll_d000222.o)
                0x0000000100421c00                asprintf
 .text          0x0000000100421c10       0x10 /usr/lib/gcc/x86_64-pc-cygwin/11/../../../../lib/libcygwin.a(t-cygwin1_dll_d000242.o)
                0x0000000100421c10                bind
 .text          0x0000000100421c20       0x10 /usr/lib/gcc/x86_64-pc-cygwin/11/../../../../lib/libcygwin.a(t-cygwin1_dll_d000299.o)
                0x0000000100421c20                chdir
 .text          0x0000000100421c30       0x10 /usr/lib/gcc/x86_64-pc-cygwin/11/../../../../lib/libcygwin.a(t-cygwin1_dll_d000312.o)
                0x0000000100421c30                clock_gettime
 .text          0x0000000100421c40       0x10 /usr/lib/gcc/x86_64-pc-cygwin/11/../../../../lib/libcygwin.a(t-cygwin1_dll_d000322.o)
                0x0000000100421c40                close
 .text          0x0000000100421c50       0x10 /usr/lib/gcc/x86_64-pc-cygwin/11/../../../../lib/libcygwin.a(t-cygwin1_dll_d000323.o)
                0x0000000100421c50                closedir
 .text          0x0000000100421c60       0x10 /usr/lib/gcc/x86_64-pc-cygwin/11/../../../../lib/libcygwin.a(t-cygwin1_dll_d000467.o)
                0x0000000100421c60                exit
 .text          0x0000000100421c70       0x10 /usr/lib/gcc/x86_64-pc-cygwin/11/../../../../lib/libcygwin.a(t-cygwin1_dll_d000491.o)
                0x0000000100421c70                fclose
 .text          0x0000000100421c80       0x10 /usr/lib/gcc/x86_64-pc-cygwin/11/../../../../lib/libcygwin.a(t-cygwin1_dll_d000568.o)
                0x0000000100421c80                fopen
 .text          0x0000000100421c90       0x10 /usr/lib/gcc/x86_64-pc-cygwin/11/../../../../lib/libcygwin.a(t-cygwin1_dll_d000573.o)
                0x0000000100421c90                fprintf
 .text          0x0000000100421ca0       0x10 /usr/lib/gcc/x86_64-pc-cygwin/11/../../../../lib/libcygwin.a(t-cygwin1_dll_d000583.o)
                0x0000000100421ca0                fread
 .text          0x0000000100421cb0       0x10 /usr/lib/gcc/x86_64-pc-cygwin/11/../../../../lib/libcygwin.a(t-cygwin1_dll_d000585.o)
                0x0000000100421cb0                free
 .text          0x0000000100421cc0       0x10 /usr/lib/gcc/x86_64-pc-cygwin/11/../../../../lib/libcygwin.a(t-cygwin1_dll_d000626.o)
                0x0000000100421cc0                fwrite
 .text          0x0000000100421cd0       0x10 /usr/lib/gcc/x86_64-pc-cygwin/11/../../../../lib/libcygwin.a(t-cygwin1_dll_d000669.o)
                0x0000000100421cd0                getitimer
 .text          0x0000000100421ce0       0x10 /usr/lib/gcc/x86_64-pc-cygwin/11/../../../../lib/libcygwin.a(t-cygwin1_dll_d000684.o)
                0x0000000100421ce0                getpeername
 .text          0x0000000100421cf0       0x10 /usr/lib/gcc/x86_64-pc-cygwin/11/../../../../lib/libcygwin.a(t-cygwin1_dll_d000708.o)
                0x0000000100421cf0                getsockname
 .text          0x0000000100421d00       0x10 /usr/lib/gcc/x86_64-pc-cygwin/11/../../../../lib/libcygwin.a(t-cygwin1_dll_d000742.o)
                0x0000000100421d00                htonl
 .text          0x0000000100421d10       0x10 /usr/lib/gcc/x86_64-pc-cygwin/11/../../../../lib/libcygwin.a(t-cygwin1_dll_d000743.o)
                0x0000000100421d10                htons
 .text          0x0000000100421d20       0x10 /usr/lib/gcc/x86_64-pc-cygwin/11/../../../../lib/libcygwin.a(t-cygwin1_dll_d000765.o)
                0x0000000100421d20                inet_ntop
 .text          0x0000000100421d30       0x10 /usr/lib/gcc/x86_64-pc-cygwin/11/../../../../lib/libcygwin.a(t-cygwin1_dll_d000864.o)
                0x0000000100421d30                listen
 .text          0x0000000100421d40       0x10 /usr/lib/gcc/x86_64-pc-cygwin/11/../../../../lib/libcygwin.a(t-cygwin1_dll_d000898.o)
                0x0000000100421d40                longjmp
 .text          0x0000000100421d50       0x10 /usr/lib/gcc/x86_64-pc-cygwin/11/../../../../lib/libcygwin.a(t-cygwin1_dll_d000915.o)
                0x0000000100421d50                malloc
 .text          0x0000000100421d60       0x10 /usr/lib/gcc/x86_64-pc-cygwin/11/../../../../lib/libcygwin.a(t-cygwin1_dll_d000931.o)
                0x0000000100421d60                memcmp
 .text          0x0000000100421d70       0x10 /usr/lib/gcc/x86_64-pc-cygwin/11/../../../../lib/libcygwin.a(t-cygwin1_dll_d000932.o)
                0x0000000100421d70                memcpy
 .text          0x0000000100421d80       0x10 /usr/lib/gcc/x86_64-pc-cygwin/11/../../../../lib/libcygwin.a(t-cygwin1_dll_d000937.o)
                0x0000000100421d80                memset
 .text          0x0000000100421d90       0x10 /usr/lib/gcc/x86_64-pc-cygwin/11/../../../../lib/libcygwin.a(t-cygwin1_dll_d001002.o)
                0x0000000100421d90                ntohs
 .text          0x0000000100421da0       0x10 /usr/lib/gcc/x86_64-pc-cygwin/11/../../../../lib/libcygwin.a(t-cygwin1_dll_d001008.o)
                0x0000000100421da0                opendir
 .text          0x0000000100421db0       0x10 /usr/lib/gcc/x86_64-pc-cygwin/11/../../../../lib/libcygwin.a(t-cygwin1_dll_d001058.o)
                0x0000000100421db0                printf
 .text          0x0000000100421dc0       0x10 /usr/lib/gcc/x86_64-pc-cygwin/11/../../../../lib/libcygwin.a(t-cygwin1_dll_d001075.o)
                0x0000000100421dc0                pthread_attr_init
 .text          0x0000000100421dd0       0x10 /usr/lib/gcc/x86_64-pc-cygwin/11/../../../../lib/libcygwin.a(t-cygwin1_dll_d001082.o)
                0x0000000100421dd0                pthread_attr_setstack
 .text          0x0000000100421de0       0x10 /usr/lib/gcc/x86_64-pc-cygwin/11/../../../../lib/libcygwin.a(t-cygwin1_dll_d001092.o)
                0x0000000100421de0                pthread_cancel
 .text          0x0000000100421df0       0x10 /usr/lib/gcc/x86_64-pc-cygwin/11/../../../../lib/libcygwin.a(t-cygwin1_dll_d001095.o)
                0x0000000100421df0                pthread_cond_destroy
 .text          0x0000000100421e00       0x10 /usr/lib/gcc/x86_64-pc-cygwin/11/../../../../lib/libcygwin.a(t-cygwin1_dll_d001096.o)
                0x0000000100421e00                pthread_cond_init
 .text          0x0000000100421e10       0x10 /usr/lib/gcc/x86_64-pc-cygwin/11/../../../../lib/libcygwin.a(t-cygwin1_dll_d001097.o)
                0x0000000100421e10                pthread_cond_signal
 .text          0x0000000100421e20       0x10 /usr/lib/gcc/x86_64-pc-cygwin/11/../../../../lib/libcygwin.a(t-cygwin1_dll_d001098.o)
                0x0000000100421e20                pthread_cond_timedwait
 .text          0x0000000100421e30       0x10 /usr/lib/gcc/x86_64-pc-cygwin/11/../../../../lib/libcygwin.a(t-cygwin1_dll_d001099.o)
                0x0000000100421e30                pthread_cond_wait
 .text          0x0000000100421e40       0x10 /usr/lib/gcc/x86_64-pc-cygwin/11/../../../../lib/libcygwin.a(t-cygwin1_dll_d001107.o)
                0x0000000100421e40                pthread_create
 .text          0x0000000100421e50       0x10 /usr/lib/gcc/x86_64-pc-cygwin/11/../../../../lib/libcygwin.a(t-cygwin1_dll_d001110.o)
                0x0000000100421e50                pthread_exit
 .text          0x0000000100421e60       0x10 /usr/lib/gcc/x86_64-pc-cygwin/11/../../../../lib/libcygwin.a(t-cygwin1_dll_d001119.o)
                0x0000000100421e60                pthread_join
 .text          0x0000000100421e70       0x10 /usr/lib/gcc/x86_64-pc-cygwin/11/../../../../lib/libcygwin.a(t-cygwin1_dll_d001122.o)
                0x0000000100421e70                pthread_kill
 .text          0x0000000100421e80       0x10 /usr/lib/gcc/x86_64-pc-cygwin/11/../../../../lib/libcygwin.a(t-cygwin1_dll_d001124.o)
                0x0000000100421e80                pthread_mutex_destroy
 .text          0x0000000100421e90       0x10 /usr/lib/gcc/x86_64-pc-cygwin/11/../../../../lib/libcygwin.a(t-cygwin1_dll_d001126.o)
                0x0000000100421e90                pthread_mutex_init
 .text          0x0000000100421ea0       0x10 /usr/lib/gcc/x86_64-pc-cygwin/11/../../../../lib/libcygwin.a(t-cygwin1_dll_d001127.o)
                0x0000000100421ea0                pthread_mutex_lock
 .text          0x0000000100421eb0       0x10 /usr/lib/gcc/x86_64-pc-cygwin/11/../../../../lib/libcygwin.a(t-cygwin1_dll_d001131.o)
                0x0000000100421eb0                pthread_mutex_unlock
 .text          0x0000000100421ec0       0x10 /usr/lib/gcc/x86_64-pc-cygwin/11/../../../../lib/libcygwin.a(t-cygwin1_dll_d001142.o)
                0x0000000100421ec0                pthread_once
 .text          0x0000000100421ed0       0x10 /usr/lib/gcc/x86_64-pc-cygwin/11/../../../../lib/libcygwin.a(t-cygwin1_dll_d001158.o)
                0x0000000100421ed0                pthread_self
 .text          0x0000000100421ee0       0x10 /usr/lib/gcc/x86_64-pc-cygwin/11/../../../../lib/libcygwin.a(t-cygwin1_dll_d001167.o)
                0x0000000100421ee0                pthread_sigmask
 .text          0x0000000100421ef0       0x10 /usr/lib/gcc/x86_64-pc-cygwin/11/../../../../lib/libcygwin.a(t-cygwin1_dll_d001183.o)
                0x0000000100421ef0                putchar
 .text          0x0000000100421f00       0x10 /usr/lib/gcc/x86_64-pc-cygwin/11/../../../../lib/libcygwin.a(t-cygwin1_dll_d001206.o)
                0x0000000100421f00                read
 .text          0x0000000100421f10       0x10 /usr/lib/gcc/x86_64-pc-cygwin/11/../../../../lib/libcygwin.a(t-cygwin1_dll_d001207.o)
                0x0000000100421f10                readdir
 .text          0x0000000100421f20       0x10 /usr/lib/gcc/x86_64-pc-cygwin/11/../../../../lib/libcygwin.a(t-cygwin1_dll_d001227.o)
                0x0000000100421f20                remove
 .text          0x0000000100421f30       0x10 /usr/lib/gcc/x86_64-pc-cygwin/11/../../../../lib/libcygwin.a(t-cygwin1_dll_d001323.o)
                0x0000000100421f30                setitimer
 .text          0x0000000100421f40       0x10 /usr/lib/gcc/x86_64-pc-cygwin/11/../../../../lib/libcygwin.a(t-cygwin1_dll_d001324.o)
                0x0000000100421f40                setjmp
 .text          0x0000000100421f50       0x10 /usr/lib/gcc/x86_64-pc-cygwin/11/../../../../lib/libcygwin.a(t-cygwin1_dll_d001358.o)
                0x0000000100421f50                sigaction
 .text          0x0000000100421f60       0x10 /usr/lib/gcc/x86_64-pc-cygwin/11/../../../../lib/libcygwin.a(t-cygwin1_dll_d001359.o)
                0x0000000100421f60                sigaddset
 .text          0x0000000100421f70       0x10 /usr/lib/gcc/x86_64-pc-cygwin/11/../../../../lib/libcygwin.a(t-cygwin1_dll_d001361.o)
                0x0000000100421f70                sigdelset
 .text          0x0000000100421f80       0x10 /usr/lib/gcc/x86_64-pc-cygwin/11/../../../../lib/libcygwin.a(t-cygwin1_dll_d001362.o)
                0x0000000100421f80                sigemptyset
 .text          0x0000000100421f90       0x10 /usr/lib/gcc/x86_64-pc-cygwin/11/../../../../lib/libcygwin.a(t-cygwin1_dll_d001363.o)
                0x0000000100421f90                sigfillset
 .text          0x0000000100421fa0       0x10 /usr/lib/gcc/x86_64-pc-cygwin/11/../../../../lib/libcygwin.a(t-cygwin1_dll_d001382.o)
                0x0000000100421fa0                sigwait
 .text          0x0000000100421fb0       0x10 /usr/lib/gcc/x86_64-pc-cygwin/11/../../../../lib/libcygwin.a(t-cygwin1_dll_d001397.o)
                0x0000000100421fb0                socket
 .text          0x0000000100421fc0       0x10 /usr/lib/gcc/x86_64-pc-cygwin/11/../../../../lib/libcygwin.a(t-cygwin1_dll_d001407.o)
                0x0000000100421fc0                sprintf
 .text          0x0000000100421fd0       0x10 /usr/lib/gcc/x86_64-pc-cygwin/11/../../../../lib/libcygwin.a(t-cygwin1_dll_d001415.o)
                0x0000000100421fd0                stat
 .text          0x0000000100421fe0       0x10 /usr/lib/gcc/x86_64-pc-cygwin/11/../../../../lib/libcygwin.a(t-cygwin1_dll_d001425.o)
                0x0000000100421fe0                strcat
 .text          0x0000000100421ff0       0x10 /usr/lib/gcc/x86_64-pc-cygwin/11/../../../../lib/libcygwin.a(t-cygwin1_dll_d001426.o)
                0x0000000100421ff0                strchr
 .text          0x0000000100422000       0x10 /usr/lib/gcc/x86_64-pc-cygwin/11/../../../../lib/libcygwin.a(t-cygwin1_dll_d001428.o)
                0x0000000100422000                strcmp
 .text          0x0000000100422010       0x10 /usr/lib/gcc/x86_64-pc-cygwin/11/../../../../lib/libcygwin.a(t-cygwin1_dll_d001433.o)
                0x0000000100422010                strdup
 .text          0x0000000100422020       0x10 /usr/lib/gcc/x86_64-pc-cygwin/11/../../../../lib/libcygwin.a(t-cygwin1_dll_d001434.o)
                0x0000000100422020                strerror
 .text          0x0000000100422030       0x10 /usr/lib/gcc/x86_64-pc-cygwin/11/../../../../lib/libcygwin.a(t-cygwin1_dll_d001443.o)
                0x0000000100422030                strlen
 .text          0x0000000100422040       0x10 /usr/lib/gcc/x86_64-pc-cygwin/11/../../../../lib/libcygwin.a(t-cygwin1_dll_d001456.o)
                0x0000000100422040                strrchr
 .text          0x0000000100422050       0x10 /usr/lib/gcc/x86_64-pc-cygwin/11/../../../../lib/libcygwin.a(t-cygwin1_dll_d001460.o)
                0x0000000100422050                strstr
 .text          0x0000000100422060       0x10 /usr/lib/gcc/x86_64-pc-cygwin/11/../../../../lib/libcygwin.a(t-cygwin1_dll_d001467.o)
                0x0000000100422060                strtok_r
 .text          0x0000000100422070       0x10 /usr/lib/gcc/x86_64-pc-cygwin/11/../../../../lib/libcygwin.a(t-cygwin1_dll_d001541.o)
                0x0000000100422070                times
 .text          0x0000000100422080       0x10 /usr/lib/gcc/x86_64-pc-cygwin/11/../../../../lib/libcygwin.a(t-cygwin1_dll_d001551.o)
                0x0000000100422080                toupper
 .text          0x0000000100422090       0x10 /usr/lib/gcc/x86_64-pc-cygwin/11/../../../../lib/libcygwin.a(t-cygwin1_dll_d001587.o)
                0x0000000100422090                usleep
 .text          0x00000001004220a0       0x10 /usr/lib/gcc/x86_64-pc-cygwin/11/../../../../lib/libcygwin.a(t-cygwin1_dll_d001595.o)
                0x00000001004220a0                vasprintf
 .text          0x00000001004220b0       0x10 /usr/lib/gcc/x86_64-pc-cygwin/11/../../../../lib/libcygwin.a(t-cygwin1_dll_d001607.o)
                0x00000001004220b0                vprintf
 .text          0x00000001004220c0       0x10 /usr/lib/gcc/x86_64-pc-cygwin/11/../../../../lib/libcygwin.a(t-cygwin1_dll_d001609.o)
                0x00000001004220c0                vsnprintf
 .text          0x00000001004220d0       0x10 /usr/lib/gcc/x86_64-pc-cygwin/11/../../../../lib/libcygwin.a(t-cygwin1_dll_d001692.o)
                0x00000001004220d0                write
 .text          0x00000001004220e0       0x20 /usr/lib/gcc/x86_64-pc-cygwin/11/../../../../lib/libcygwin.a(cygwin_crt0.o)
                0x00000001004220e0                cygwin_crt0
 .text          0x0000000100422100       0x10 /usr/lib/gcc/x86_64-pc-cygwin/11/../../../../lib/libcygwin.a(premain0.o)
                0x0000000100422100                cygwin_premain0
 .text          0x0000000100422110       0x10 /usr/lib/gcc/x86_64-pc-cygwin/11/../../../../lib/libcygwin.a(premain1.o)
                0x0000000100422110                cygwin_premain1
 .text          0x0000000100422120       0x10 /usr/lib/gcc/x86_64-pc-cygwin/11/../../../../lib/libcygwin.a(premain2.o)
                0x0000000100422120                cygwin_premain2
 .text          0x0000000100422130       0x10 /usr/lib/gcc/x86_64-pc-cygwin/11/../../../../lib/libcygwin.a(premain3.o)
                0x0000000100422130                cygwin_premain3
 .text          0x0000000100422140      0x3b0 /usr/lib/gcc/x86_64-pc-cygwin/11/../../../../lib/libcygwin.a(_cygwin_crt0_common.o)
                0x0000000100422140                _cygwin_crt0_common
 .text          0x00000001004224f0       0xe0 /usr/lib/gcc/x86_64-pc-cygwin/11/../../../../lib/libcygwin.a(dll_entry.o)
                0x0000000100422510                _cygwin_dll_entry
 .text          0x00000001004225d0       0x10 /usr/lib/gcc/x86_64-pc-cygwin/11/../../../../lib/libcygwin.a(dll_main.o)
                0x00000001004225d0                DllMain
 .text          0x00000001004225e0       0x10 /usr/lib/gcc/x86_64-pc-cygwin/11/../../../../lib/libcygwin.a(pseudo-reloc-dummy.o)
                0x00000001004225e0                _pei386_runtime_relocator
 .text          0x00000001004225f0        0x0 /usr/lib/gcc/x86_64-pc-cygwin/11/../../../../lib/libcygwin.a(cygwin1_dll_d000115.o)
 .text          0x00000001004225f0       0x10 /usr/lib/gcc/x86_64-pc-cygwin/11/../../../../lib/libcygwin.a(t-cygwin1_dll_d000258.o)
                0x00000001004225f0                calloc
 .text          0x0000000100422600       0x10 /usr/lib/gcc/x86_64-pc-cygwin/11/../../../../lib/libcygwin.a(t-cygwin1_dll_d000379.o)
                0x0000000100422600                cygwin_detach_dll
 .text          0x0000000100422610       0x10 /usr/lib/gcc/x86_64-pc-cygwin/11/../../../../lib/libcygwin.a(t-cygwin1_dll_d000381.o)
                0x0000000100422610                cygwin_internal
 .text          0x0000000100422620       0x10 /usr/lib/gcc/x86_64-pc-cygwin/11/../../../../lib/libcygwin.a(t-cygwin1_dll_d001027.o)
                0x0000000100422620                posix_memalign
 .text          0x0000000100422630       0x10 /usr/lib/gcc/x86_64-pc-cygwin/11/../../../../lib/libcygwin.a(t-cygwin1_dll_d001212.o)
                0x0000000100422630                realloc
 .text          0x0000000100422640       0x30 /usr/lib/gcc/x86_64-pc-cygwin/11/../../../../lib/libcygwin.a(cygwin_attach_dll.o)
                0x0000000100422640                cygwin_attach_dll
 .text          0x0000000100422670       0x10 /usr/lib/gcc/x86_64-pc-cygwin/11/../../../../lib/libcygwin.a(t-cygwin1_dll_d000409.o)
                0x0000000100422670                dll_dllcrt0
 .text          0x0000000100422680        0x8 /usr/lib/w32api/libkernel32.a(libkernel32s00650.o)
                0x0000000100422680                GetModuleHandleA
 *fill*         0x0000000100422688        0x8 
 .text          0x0000000100422690        0x0 /usr/lib/w32api/libkernel32.a(libkernel32h.o)
 .text          0x0000000100422690        0x0 /usr/lib/w32api/libkernel32.a(libkernel32t.o)
 .text          0x0000000100422690        0x0 /usr/lib/gcc/x86_64-pc-cygwin/11/libgcc.a(_ctors.o)
 .text          0x0000000100422690        0x0 /usr/lib/gcc/x86_64-pc-cygwin/11/crtend.o
 *(SORT_BY_NAME(.text$*))
 *(.text.*)
 .text.startup  0x0000000100422690       0x10 /usr/lib/gcc/x86_64-pc-cygwin/11/crtend.o
 *(.gnu.linkonce.t.*)
 *(.glue_7t)
 *(.glue_7)
                0x00000001004226a0                . = ALIGN (0x8)
                0x00000001004226a0                ___CTOR_LIST__ = .
                0x00000001004226a0                __CTOR_LIST__ = .
                0x00000001004226a0        0x4 LONG 0xffffffffffffffff
                0x00000001004226a4        0x4 LONG 0xffffffffffffffff
 *(.ctors)
 *(.ctor)
 *(SORT_BY_NAME(.ctors.*))
 .ctors.65535   0x00000001004226a8        0x8 /usr/lib/gcc/x86_64-pc-cygwin/11/crtend.o
                0x00000001004226b0        0x4 LONG 0x0
                0x00000001004226b4        0x4 LONG 0x0
                0x00000001004226b8                ___DTOR_LIST__ = .
                0x00000001004226b8                __DTOR_LIST__ = .
                0x00000001004226b8        0x4 LONG 0xffffffffffffffff
                0x00000001004226bc        0x4 LONG 0xffffffffffffffff
 *(.dtors)
 *(.dtor)
 *(SORT_BY_NAME(.dtors.*))
                0x00000001004226c0        0x4 LONG 0x0
                0x00000001004226c4        0x4 LONG 0x0
 *(SORT_NONE(.fini))
 *(.gcc_exc)
                [!provide]                        PROVIDE (etext = .)
 *(.gcc_except_table)

.data           0x0000000100423000      0x600
                0x0000000100423000                __data_start__ = .
 *(.data)
 .data          0x0000000100423000        0x0 /usr/lib/gcc/x86_64-pc-cygwin/11/../../../../lib/crt0.o
 .data          0x0000000100423000       0x10 /usr/lib/gcc/x86_64-pc-cygwin/11/crtbegin.o
                0x0000000100423000                __dso_handle
 .data          0x0000000100423010       0x10 build/main/freertos_hooks.o
 .data          0x0000000100423020        0x0 build/main/main.o
 .data          0x0000000100423020        0x0 build/main/esp_mock.o
 .data          0x0000000100423020        0x0 build/main/ow_esp32.o
 .data          0x0000000100423020        0x0 build/main/pcf8574.o
 .data          0x0000000100423020        0x0 build/main/wifi_mock.o
 .data          0x0000000100423020        0x0 build/FreeRTOS-Kernel/croutine.o
 .data          0x0000000100423020        0x0 build/FreeRTOS-Kernel/event_groups.o
 .data          0x0000000100423020        0x0 build/FreeRTOS-Kernel/list.o
 .data          0x0000000100423020        0x0 build/FreeRTOS-Kernel/queue.o
 .data          0x0000000100423020        0x0 build/FreeRTOS-Kernel/stream_buffer.o
 .data          0x0000000100423020       0x10 build/FreeRTOS-Kernel/tasks.o
                0x0000000100423020                xTickCount
                0x0000000100423028                uxTopUsedPriority
 .data          0x0000000100423030        0x0 build/FreeRTOS-Kernel/timers.o
 .data          0x0000000100423030        0x0 build/FreeRTOS-Kernel/heap_4.o
 .data          0x0000000100423030       0x10 build/FreeRTOS-Kernel/port.o
 .data          0x0000000100423040        0x0 build/FreeRTOS-Kernel/wait_for_event.o
 .data          0x0000000100423040       0x10 build/FreeRTOS-Kernel/AbortDelay.o
 .data          0x0000000100423050        0x0 build/FreeRTOS-Kernel/BlockQ.o
 .data          0x0000000100423050        0x0 build/FreeRTOS-Kernel/blocktim.o
 .data          0x0000000100423050        0x0 build/FreeRTOS-Kernel/countsem.o
 .data          0x0000000100423050       0x10 build/FreeRTOS-Kernel/death.o
 .data          0x0000000100423060        0x0 build/FreeRTOS-Kernel/dynamic.o
 .data          0x0000000100423060        0x0 build/FreeRTOS-Kernel/EventGroupsDemo.o
 .data          0x0000000100423060        0x0 build/FreeRTOS-Kernel/flop.o
 .data          0x0000000100423060        0x0 build/FreeRTOS-Kernel/GenQTest.o
 .data          0x0000000100423060        0x0 build/FreeRTOS-Kernel/integer.o
 .data          0x0000000100423060        0x0 build/FreeRTOS-Kernel/IntSemTest.o
 .data          0x0000000100423060       0x10 build/FreeRTOS-Kernel/MessageBufferAMP.o
                0x0000000100423060                xDemoStatus
 .data          0x0000000100423070       0x10 build/FreeRTOS-Kernel/MessageBufferDemo.o
 .data          0x0000000100423080        0x0 build/FreeRTOS-Kernel/PollQ.o
 .data          0x0000000100423080        0x0 build/FreeRTOS-Kernel/QPeek.o
 .data          0x0000000100423080       0x10 build/FreeRTOS-Kernel/QueueOverwrite.o
 .data          0x0000000100423090       0x10 build/FreeRTOS-Kernel/QueueSet.o
 .data          0x00000001004230a0       0x10 build/FreeRTOS-Kernel/QueueSetPolling.o
 .data          0x00000001004230b0        0x0 build/FreeRTOS-Kernel/recmutex.o
 .data          0x00000001004230b0        0x0 build/FreeRTOS-Kernel/semtest.o
 .data          0x00000001004230b0        0x0 build/FreeRTOS-Kernel/StaticAllocation.o
 .data          0x00000001004230b0       0x20 build/FreeRTOS-Kernel/StreamBufferDemo.o
 .data          0x00000001004230d0       0x20 build/FreeRTOS-Kernel/StreamBufferInterrupt.o
 .data          0x00000001004230f0       0x10 build/FreeRTOS-Kernel/TaskNotify.o
 .data          0x0000000100423100       0x10 build/FreeRTOS-Kernel/TimerDemo.o
 .data          0x0000000100423110        0x0 build/Unity/unity.o
 .data          0x0000000100423110        0x0 build/Unity/unity_fixture.o
 *fill*         0x0000000100423110       0x10 
 .data          0x0000000100423120       0x60 build/project/app_manager.o
 .data          0x0000000100423180       0x20 build/project/network_manager.o
 .data          0x00000001004231a0       0x60 build/project/config.o
                0x00000001004231c0                config
 .data          0x0000000100423200       0x40 build/project/temperature.o
 .data          0x0000000100423240       0x40 build/project/wifidrv.o
 .data          0x0000000100423280        0x0 build/project/ow_device_ds18x20.o
 .data          0x0000000100423280        0x0 build/project/ow.o
 .data          0x0000000100423280      0x100 build/project/app_events.o
 .data          0x0000000100423380        0x0 build/project/app_timers.o
 .data          0x0000000100423380      0x140 build/project/lftpd.o
 .data          0x00000001004234c0        0x0 build/project/lftpd_inet.o
 .data          0x00000001004234c0        0x0 build/project/lftpd_io.o
 .data          0x00000001004234c0        0x0 build/project/lftpd_log.o
 .data          0x00000001004234c0        0x0 build/project/lftpd_string.o
 .data          0x00000001004234c0        0x0 /usr/lib/gcc/x86_64-pc-cygwin/11/../../../../lib/libcygwin.a(cygwin_crt0.o)
 .data          0x00000001004234c0        0x0 /usr/lib/gcc/x86_64-pc-cygwin/11/../../../../lib/libcygwin.a(premain0.o)
 .data          0x00000001004234c0        0x0 /usr/lib/gcc/x86_64-pc-cygwin/11/../../../../lib/libcygwin.a(premain1.o)
 .data          0x00000001004234c0        0x0 /usr/lib/gcc/x86_64-pc-cygwin/11/../../../../lib/libcygwin.a(premain2.o)
 .data          0x00000001004234c0        0x0 /usr/lib/gcc/x86_64-pc-cygwin/11/../../../../lib/libcygwin.a(premain3.o)
 .data          0x00000001004234c0       0x40 /usr/lib/gcc/x86_64-pc-cygwin/11/../../../../lib/libcygwin.a(_cygwin_crt0_common.o)
                0x00000001004234c0                __cygwin_cxx_malloc
 .data          0x0000000100423500        0x0 /usr/lib/gcc/x86_64-pc-cygwin/11/../../../../lib/libcygwin.a(dll_entry.o)
 .data          0x0000000100423500        0x0 /usr/lib/gcc/x86_64-pc-cygwin/11/../../../../lib/libcygwin.a(dll_main.o)
 .data          0x0000000100423500        0x0 /usr/lib/gcc/x86_64-pc-cygwin/11/../../../../lib/libcygwin.a(pseudo-reloc-dummy.o)
 .data          0x0000000100423500        0x0 /usr/lib/gcc/x86_64-pc-cygwin/11/../../../../lib/libcygwin.a(cygwin_attach_dll.o)
 .data          0x0000000100423500        0x0 /usr/lib/w32api/libkernel32.a(libkernel32s00650.o)
 .data          0x0000000100423500        0x0 /usr/lib/w32api/libkernel32.a(libkernel32h.o)
 .data          0x0000000100423500        0x0 /usr/lib/w32api/libkernel32.a(libkernel32t.o)
 .data          0x0000000100423500        0x0 /usr/lib/gcc/x86_64-pc-cygwin/11/libgcc.a(_ctors.o)
 .data          0x0000000100423500        0x0 /usr/lib/gcc/x86_64-pc-cygwin/11/crtend.o
 *(.data2)
 *(SORT_BY_NAME(.data$*))
 *(.jcr)
                0x0000000100423500                __data_end__ = .
 *(.data_cygwin_nocopy)

.rdata          0x0000000100424000     0x2c00
 *(.rdata)
 .rdata         0x0000000100424000       0x30 build/main/freertos_hooks.o
 .rdata         0x0000000100424030       0x20 build/main/main.o
 .rdata         0x0000000100424050       0x30 build/FreeRTOS-Kernel/tasks.o
 .rdata         0x0000000100424080       0x40 build/FreeRTOS-Kernel/timers.o
 .rdata         0x00000001004240c0       0x10 build/FreeRTOS-Kernel/heap_4.o
 .rdata         0x00000001004240d0       0xd0 build/FreeRTOS-Kernel/port.o
 .rdata         0x00000001004241a0       0x50 build/FreeRTOS-Kernel/AbortDelay.o
                0x00000001004241b0                xMaxBlockTime
                0x00000001004241b8                xHalfMaxBlockTime
                0x00000001004241c0                xAllowableMargin
 .rdata         0x00000001004241f0       0x30 build/FreeRTOS-Kernel/BlockQ.o
 .rdata         0x0000000100424220       0x20 build/FreeRTOS-Kernel/blocktim.o
 .rdata         0x0000000100424240       0x30 build/FreeRTOS-Kernel/countsem.o
 .rdata         0x0000000100424270       0x20 build/FreeRTOS-Kernel/death.o
 .rdata         0x0000000100424290       0x40 build/FreeRTOS-Kernel/dynamic.o
 .rdata         0x00000001004242d0       0x10 build/FreeRTOS-Kernel/EventGroupsDemo.o
 .rdata         0x00000001004242e0       0x70 build/FreeRTOS-Kernel/flop.o
 .rdata         0x0000000100424350       0x40 build/FreeRTOS-Kernel/GenQTest.o
 .rdata         0x0000000100424390       0x10 build/FreeRTOS-Kernel/integer.o
 .rdata         0x00000001004243a0       0x20 build/FreeRTOS-Kernel/IntSemTest.o
                0x00000001004243a0                xInterruptGivePeriod
 .rdata         0x00000001004243c0       0x20 build/FreeRTOS-Kernel/MessageBufferAMP.o
 .rdata         0x00000001004243e0       0x90 build/FreeRTOS-Kernel/MessageBufferDemo.o
 .rdata         0x0000000100424470       0x20 build/FreeRTOS-Kernel/PollQ.o
 .rdata         0x0000000100424490       0x30 build/FreeRTOS-Kernel/QPeek.o
 .rdata         0x00000001004244c0       0x10 build/FreeRTOS-Kernel/QueueOverwrite.o
 .rdata         0x00000001004244d0       0x10 build/FreeRTOS-Kernel/QueueSet.o
 .rdata         0x00000001004244e0       0x10 build/FreeRTOS-Kernel/QueueSetPolling.o
 .rdata         0x00000001004244f0       0x20 build/FreeRTOS-Kernel/recmutex.o
 .rdata         0x0000000100424510       0x40 build/FreeRTOS-Kernel/semtest.o
 .rdata         0x0000000100424550       0x20 build/FreeRTOS-Kernel/StaticAllocation.o
 .rdata         0x0000000100424570       0xf0 build/FreeRTOS-Kernel/StreamBufferDemo.o
 .rdata         0x0000000100424660       0x40 build/FreeRTOS-Kernel/StreamBufferInterrupt.o
 .rdata         0x00000001004246a0       0x20 build/FreeRTOS-Kernel/TaskNotify.o
 .rdata         0x00000001004246c0       0x30 build/FreeRTOS-Kernel/TimerDemo.o
 *fill*         0x00000001004246f0       0x10 
 .rdata         0x0000000100424700      0x340 build/Unity/unity.o
                0x0000000100424700                UnityStrOk
                0x0000000100424703                UnityStrPass
                0x0000000100424708                UnityStrFail
                0x000000010042470d                UnityStrIgnore
                0x00000001004248e0                UnityStrErrShorthand
                0x0000000100424910                UnityStrErrFloat
                0x0000000100424940                UnityStrErrDouble
                0x0000000100424960                UnityStrErr64
 .rdata         0x0000000100424a40      0x270 build/Unity/unity_fixture.o
 *fill*         0x0000000100424cb0       0x10 
 .rdata         0x0000000100424cc0      0x200 build/project/app_manager.o
 .rdata         0x0000000100424ec0      0x260 build/project/network_manager.o
 .rdata         0x0000000100425120       0x30 build/project/config.o
 *fill*         0x0000000100425150       0x10 
 .rdata         0x0000000100425160      0x340 build/project/temperature.o
                0x0000000100425160                ow_ll_drv_esp32
 .rdata         0x00000001004254a0      0x3e0 build/project/wifidrv.o
 .rdata         0x0000000100425880       0x30 build/project/ow_device_ds18x20.o
 .rdata         0x00000001004258b0      0x390 build/project/app_events.o
 .rdata         0x0000000100425c40       0x70 build/project/app_timers.o
 .rdata         0x0000000100425cb0      0x500 build/project/lftpd.o
 .rdata         0x00000001004261b0       0xb0 build/project/lftpd_inet.o
 .rdata         0x0000000100426260       0x10 build/project/lftpd_io.o
 .rdata         0x0000000100426270       0x10 build/project/lftpd_log.o
 .rdata         0x0000000100426280        0x8 test_exe_ertr000001.o
 *(SORT_BY_NAME(.rdata$*))
 *fill*         0x0000000100426288        0x8 
 .rdata$.refptr.Unity
                0x0000000100426290       0x10 build/Unity/unity_fixture.o
                0x0000000100426290                .refptr.Unity
 .rdata$.refptr.UnityStrPass
                0x00000001004262a0       0x10 build/Unity/unity_fixture.o
                0x00000001004262a0                .refptr.UnityStrPass
 .rdata$.refptr.in6addr_any
                0x00000001004262b0       0x10 build/project/lftpd_inet.o
                0x00000001004262b0                .refptr.in6addr_any
                0x00000001004262b0                __fu0_in6addr_any
 .rdata$zzz     0x00000001004262c0       0x20 /usr/lib/gcc/x86_64-pc-cygwin/11/../../../../lib/crt0.o
 .rdata$zzz     0x00000001004262e0       0x20 /usr/lib/gcc/x86_64-pc-cygwin/11/crtbegin.o
 .rdata$zzz     0x0000000100426300       0x20 build/main/freertos_hooks.o
 .rdata$zzz     0x0000000100426320       0x20 build/main/main.o
 .rdata$zzz     0x0000000100426340       0x20 build/main/esp_mock.o
 .rdata$zzz     0x0000000100426360       0x20 build/main/ow_esp32.o
 .rdata$zzz     0x0000000100426380       0x20 build/main/pcf8574.o
 .rdata$zzz     0x00000001004263a0       0x20 build/main/wifi_mock.o
 .rdata$zzz     0x00000001004263c0       0x20 build/FreeRTOS-Kernel/croutine.o
 .rdata$zzz     0x00000001004263e0       0x20 build/FreeRTOS-Kernel/event_groups.o
 .rdata$zzz     0x0000000100426400       0x20 build/FreeRTOS-Kernel/list.o
 .rdata$zzz     0x0000000100426420       0x20 build/FreeRTOS-Kernel/queue.o
 .rdata$zzz     0x0000000100426440       0x20 build/FreeRTOS-Kernel/stream_buffer.o
 .rdata$zzz     0x0000000100426460       0x20 build/FreeRTOS-Kernel/tasks.o
 .rdata$zzz     0x0000000100426480       0x20 build/FreeRTOS-Kernel/timers.o
 .rdata$zzz     0x00000001004264a0       0x20 build/FreeRTOS-Kernel/heap_4.o
 .rdata$zzz     0x00000001004264c0       0x20 build/FreeRTOS-Kernel/port.o
 .rdata$zzz     0x00000001004264e0       0x20 build/FreeRTOS-Kernel/wait_for_event.o
 .rdata$zzz     0x0000000100426500       0x20 build/FreeRTOS-Kernel/AbortDelay.o
 .rdata$zzz     0x0000000100426520       0x20 build/FreeRTOS-Kernel/BlockQ.o
 .rdata$zzz     0x0000000100426540       0x20 build/FreeRTOS-Kernel/blocktim.o
 .rdata$zzz     0x0000000100426560       0x20 build/FreeRTOS-Kernel/countsem.o
 .rdata$zzz     0x0000000100426580       0x20 build/FreeRTOS-Kernel/death.o
 .rdata$zzz     0x00000001004265a0       0x20 build/FreeRTOS-Kernel/dynamic.o
 .rdata$zzz     0x00000001004265c0       0x20 build/FreeRTOS-Kernel/EventGroupsDemo.o
 .rdata$zzz     0x00000001004265e0       0x20 build/FreeRTOS-Kernel/flop.o
 .rdata$zzz     0x0000000100426600       0x20 build/FreeRTOS-Kernel/GenQTest.o
 .rdata$zzz     0x0000000100426620       0x20 build/FreeRTOS-Kernel/integer.o
 .rdata$zzz     0x0000000100426640       0x20 build/FreeRTOS-Kernel/IntSemTest.o
 .rdata$zzz     0x0000000100426660       0x20 build/FreeRTOS-Kernel/MessageBufferAMP.o
 .rdata$zzz     0x0000000100426680       0x20 build/FreeRTOS-Kernel/MessageBufferDemo.o
 .rdata$zzz     0x00000001004266a0       0x20 build/FreeRTOS-Kernel/PollQ.o
 .rdata$zzz     0x00000001004266c0       0x20 build/FreeRTOS-Kernel/QPeek.o
 .rdata$zzz     0x00000001004266e0       0x20 build/FreeRTOS-Kernel/QueueOverwrite.o
 .rdata$zzz     0x0000000100426700       0x20 build/FreeRTOS-Kernel/QueueSet.o
 .rdata$zzz     0x0000000100426720       0x20 build/FreeRTOS-Kernel/QueueSetPolling.o
 .rdata$zzz     0x0000000100426740       0x20 build/FreeRTOS-Kernel/recmutex.o
 .rdata$zzz     0x0000000100426760       0x20 build/FreeRTOS-Kernel/semtest.o
 .rdata$zzz     0x0000000100426780       0x20 build/FreeRTOS-Kernel/StaticAllocation.o
 .rdata$zzz     0x00000001004267a0       0x20 build/FreeRTOS-Kernel/StreamBufferDemo.o
 .rdata$zzz     0x00000001004267c0       0x20 build/FreeRTOS-Kernel/StreamBufferInterrupt.o
 .rdata$zzz     0x00000001004267e0       0x20 build/FreeRTOS-Kernel/TaskNotify.o
 .rdata$zzz     0x0000000100426800       0x20 build/FreeRTOS-Kernel/TimerDemo.o
 .rdata$zzz     0x0000000100426820       0x20 build/Unity/unity.o
 .rdata$zzz     0x0000000100426840       0x20 build/Unity/unity_fixture.o
 .rdata$zzz     0x0000000100426860       0x20 build/project/app_manager.o
 .rdata$zzz     0x0000000100426880       0x20 build/project/network_manager.o
 .rdata$zzz     0x00000001004268a0       0x20 build/project/config.o
 .rdata$zzz     0x00000001004268c0       0x20 build/project/temperature.o
 .rdata$zzz     0x00000001004268e0       0x20 build/project/wifidrv.o
 .rdata$zzz     0x0000000100426900       0x20 build/project/ow_device_ds18x20.o
 .rdata$zzz     0x0000000100426920       0x20 build/project/ow.o
 .rdata$zzz     0x0000000100426940       0x20 build/project/app_events.o
 .rdata$zzz     0x0000000100426960       0x20 build/project/app_timers.o
 .rdata$zzz     0x0000000100426980       0x20 build/project/lftpd.o
 .rdata$zzz     0x00000001004269a0       0x20 build/project/lftpd_inet.o
 .rdata$zzz     0x00000001004269c0       0x20 build/project/lftpd_io.o
 .rdata$zzz     0x00000001004269e0       0x20 build/project/lftpd_log.o
 .rdata$zzz     0x0000000100426a00       0x20 build/project/lftpd_string.o
 .rdata$zzz     0x0000000100426a20       0x20 /usr/lib/gcc/x86_64-pc-cygwin/11/../../../../lib/libcygwin.a(cygwin_crt0.o)
 .rdata$zzz     0x0000000100426a40       0x20 /usr/lib/gcc/x86_64-pc-cygwin/11/../../../../lib/libcygwin.a(premain0.o)
 .rdata$zzz     0x0000000100426a60       0x20 /usr/lib/gcc/x86_64-pc-cygwin/11/../../../../lib/libcygwin.a(premain1.o)
 .rdata$zzz     0x0000000100426a80       0x20 /usr/lib/gcc/x86_64-pc-cygwin/11/../../../../lib/libcygwin.a(premain2.o)
 .rdata$zzz     0x0000000100426aa0       0x20 /usr/lib/gcc/x86_64-pc-cygwin/11/../../../../lib/libcygwin.a(premain3.o)
 .rdata$zzz     0x0000000100426ac0       0x20 /usr/lib/gcc/x86_64-pc-cygwin/11/../../../../lib/libcygwin.a(_cygwin_crt0_common.o)
 .rdata$zzz     0x0000000100426ae0       0x20 /usr/lib/gcc/x86_64-pc-cygwin/11/../../../../lib/libcygwin.a(dll_entry.o)
 .rdata$zzz     0x0000000100426b00       0x20 /usr/lib/gcc/x86_64-pc-cygwin/11/../../../../lib/libcygwin.a(dll_main.o)
 .rdata$zzz     0x0000000100426b20       0x20 /usr/lib/gcc/x86_64-pc-cygwin/11/../../../../lib/libcygwin.a(pseudo-reloc-dummy.o)
 .rdata$zzz     0x0000000100426b40       0x20 /usr/lib/gcc/x86_64-pc-cygwin/11/../../../../lib/libcygwin.a(cygwin_attach_dll.o)
 .rdata$zzz     0x0000000100426b60       0x20 /usr/lib/gcc/x86_64-pc-cygwin/11/libgcc.a(_ctors.o)
 .rdata$zzz     0x0000000100426b80       0x20 /usr/lib/gcc/x86_64-pc-cygwin/11/crtend.o
                0x0000000100426ba0                . = ALIGN (0x4)
                0x0000000100426ba0                __rt_psrelocs_start = .
 *(.rdata_runtime_pseudo_reloc)
 .rdata_runtime_pseudo_reloc
                0x0000000100426ba0       0x18 test_exe_rtr000000.o
                0x0000000100426bb8                __rt_psrelocs_end = .
                0x0000000000000018                __rt_psrelocs_size = (__rt_psrelocs_end - __rt_psrelocs_start)
                0x0000000100426bb8                ___RUNTIME_PSEUDO_RELOC_LIST_END__ = .
                0x0000000100426bb8                __RUNTIME_PSEUDO_RELOC_LIST_END__ = .
                0x0000000100426ba0                ___RUNTIME_PSEUDO_RELOC_LIST__ = (. - __rt_psrelocs_size)
                0x0000000100426ba0                __RUNTIME_PSEUDO_RELOC_LIST__ = (. - __rt_psrelocs_size)

.buildid        0x0000000100427000      0x200
 .buildid       0x0000000100427000       0x35 /usr/lib/gcc/x86_64-pc-cygwin/11/../../../../lib/crt0.o

.eh_frame
 *(.eh_frame*)

.pdata          0x0000000100428000     0x2200
 *(.pdata*)
 .pdata         0x0000000100428000        0xc /usr/lib/gcc/x86_64-pc-cygwin/11/../../../../lib/crt0.o
 .pdata         0x000000010042800c       0x18 /usr/lib/gcc/x86_64-pc-cygwin/11/crtbegin.o
 .pdata         0x0000000100428024       0xb4 build/main/freertos_hooks.o
 .pdata         0x00000001004280d8       0x24 build/main/main.o
 .pdata         0x00000001004280fc        0xc build/main/esp_mock.o
 .pdata         0x0000000100428108       0x30 build/main/ow_esp32.o
 .pdata         0x0000000100428138       0x78 build/main/pcf8574.o
 .pdata         0x00000001004281b0       0x90 build/main/wifi_mock.o
 .pdata         0x0000000100428240       0xb4 build/FreeRTOS-Kernel/event_groups.o
 .pdata         0x00000001004282f4       0x3c build/FreeRTOS-Kernel/list.o
 .pdata         0x0000000100428330      0x228 build/FreeRTOS-Kernel/queue.o
 .pdata         0x0000000100428558      0x12c build/FreeRTOS-Kernel/stream_buffer.o
 .pdata         0x0000000100428684      0x36c build/FreeRTOS-Kernel/tasks.o
 .pdata         0x00000001004289f0      0x15c build/FreeRTOS-Kernel/timers.o
 .pdata         0x0000000100428b4c       0x6c build/FreeRTOS-Kernel/heap_4.o
 .pdata         0x0000000100428bb8      0x12c build/FreeRTOS-Kernel/port.o
 .pdata         0x0000000100428ce4       0x3c build/FreeRTOS-Kernel/wait_for_event.o
 .pdata         0x0000000100428d20       0xa8 build/FreeRTOS-Kernel/AbortDelay.o
 .pdata         0x0000000100428dc8       0x30 build/FreeRTOS-Kernel/BlockQ.o
 .pdata         0x0000000100428df8       0x3c build/FreeRTOS-Kernel/blocktim.o
 .pdata         0x0000000100428e34       0x3c build/FreeRTOS-Kernel/countsem.o
 .pdata         0x0000000100428e70       0x30 build/FreeRTOS-Kernel/death.o
 .pdata         0x0000000100428ea0       0x54 build/FreeRTOS-Kernel/dynamic.o
 .pdata         0x0000000100428ef4       0x78 build/FreeRTOS-Kernel/EventGroupsDemo.o
 .pdata         0x0000000100428f6c       0x48 build/FreeRTOS-Kernel/flop.o
 .pdata         0x0000000100428fb4       0x6c build/FreeRTOS-Kernel/GenQTest.o
 .pdata         0x0000000100429020       0x24 build/FreeRTOS-Kernel/integer.o
 .pdata         0x0000000100429044       0x60 build/FreeRTOS-Kernel/IntSemTest.o
 .pdata         0x00000001004290a4       0x48 build/FreeRTOS-Kernel/MessageBufferAMP.o
 .pdata         0x00000001004290ec       0x6c build/FreeRTOS-Kernel/MessageBufferDemo.o
 .pdata         0x0000000100429158       0x30 build/FreeRTOS-Kernel/PollQ.o
 .pdata         0x0000000100429188       0x48 build/FreeRTOS-Kernel/QPeek.o
 .pdata         0x00000001004291d0       0x30 build/FreeRTOS-Kernel/QueueOverwrite.o
 .pdata         0x0000000100429200       0xc0 build/FreeRTOS-Kernel/QueueSet.o
 .pdata         0x00000001004292c0       0x30 build/FreeRTOS-Kernel/QueueSetPolling.o
 .pdata         0x00000001004292f0       0x3c build/FreeRTOS-Kernel/recmutex.o
 .pdata         0x000000010042932c       0x24 build/FreeRTOS-Kernel/semtest.o
 .pdata         0x0000000100429350       0xe4 build/FreeRTOS-Kernel/StaticAllocation.o
 .pdata         0x0000000100429434       0x90 build/FreeRTOS-Kernel/StreamBufferDemo.o
 .pdata         0x00000001004294c4       0x30 build/FreeRTOS-Kernel/StreamBufferInterrupt.o
 .pdata         0x00000001004294f4       0x60 build/FreeRTOS-Kernel/TaskNotify.o
 .pdata         0x0000000100429554       0xcc build/FreeRTOS-Kernel/TimerDemo.o
 .pdata         0x0000000100429620      0x1ec build/Unity/unity.o
 .pdata         0x000000010042980c       0xa8 build/Unity/unity_fixture.o
 .pdata         0x00000001004298b4       0x84 build/project/app_manager.o
 .pdata         0x0000000100429938       0x90 build/project/network_manager.o
 .pdata         0x00000001004299c8       0x54 build/project/config.o
 .pdata         0x0000000100429a1c       0xe4 build/project/temperature.o
 .pdata         0x0000000100429b00       0xc0 build/project/wifidrv.o
 .pdata         0x0000000100429bc0       0xa8 build/project/ow_device_ds18x20.o
 .pdata         0x0000000100429c68      0x168 build/project/ow.o
 .pdata         0x0000000100429dd0       0x3c build/project/app_events.o
 .pdata         0x0000000100429e0c       0x24 build/project/app_timers.o
 .pdata         0x0000000100429e30      0x12c build/project/lftpd.o
 .pdata         0x0000000100429f5c       0x30 build/project/lftpd_inet.o
 .pdata         0x0000000100429f8c        0xc build/project/lftpd_io.o
 .pdata         0x0000000100429f98        0xc build/project/lftpd_log.o
 .pdata         0x0000000100429fa4        0xc build/project/lftpd_string.o
 .pdata         0x0000000100429fb0        0xc /usr/lib/gcc/x86_64-pc-cygwin/11/../../../../lib/libcygwin.a(cygwin_crt0.o)
 .pdata         0x0000000100429fbc        0xc /usr/lib/gcc/x86_64-pc-cygwin/11/../../../../lib/libcygwin.a(premain0.o)
 .pdata         0x0000000100429fc8        0xc /usr/lib/gcc/x86_64-pc-cygwin/11/../../../../lib/libcygwin.a(premain1.o)
 .pdata         0x0000000100429fd4        0xc /usr/lib/gcc/x86_64-pc-cygwin/11/../../../../lib/libcygwin.a(premain2.o)
 .pdata         0x0000000100429fe0        0xc /usr/lib/gcc/x86_64-pc-cygwin/11/../../../../lib/libcygwin.a(premain3.o)
 .pdata         0x0000000100429fec        0xc /usr/lib/gcc/x86_64-pc-cygwin/11/../../../../lib/libcygwin.a(_cygwin_crt0_common.o)
 .pdata         0x0000000100429ff8       0x18 /usr/lib/gcc/x86_64-pc-cygwin/11/../../../../lib/libcygwin.a(dll_entry.o)
 .pdata         0x000000010042a010        0xc /usr/lib/gcc/x86_64-pc-cygwin/11/../../../../lib/libcygwin.a(dll_main.o)
 .pdata         0x000000010042a01c        0xc /usr/lib/gcc/x86_64-pc-cygwin/11/../../../../lib/libcygwin.a(pseudo-reloc-dummy.o)
 .pdata         0x000000010042a028        0xc /usr/lib/gcc/x86_64-pc-cygwin/11/../../../../lib/libcygwin.a(cygwin_attach_dll.o)
 .pdata.startup
                0x000000010042a034        0xc /usr/lib/gcc/x86_64-pc-cygwin/11/crtend.o

.xdata          0x000000010042b000     0x2000
 *(.xdata*)
 .xdata         0x000000010042b000        0x8 /usr/lib/gcc/x86_64-pc-cygwin/11/../../../../lib/crt0.o
 .xdata         0x000000010042b008        0x8 /usr/lib/gcc/x86_64-pc-cygwin/11/crtbegin.o
 .xdata         0x000000010042b010       0x98 build/main/freertos_hooks.o
 .xdata         0x000000010042b0a8       0x20 build/main/main.o
 .xdata         0x000000010042b0c8        0x8 build/main/esp_mock.o
 .xdata         0x000000010042b0d0       0x20 build/main/ow_esp32.o
 .xdata         0x000000010042b0f0       0x68 build/main/pcf8574.o
 .xdata         0x000000010042b158       0x60 build/main/wifi_mock.o
 .xdata         0x000000010042b1b8       0xb0 build/FreeRTOS-Kernel/event_groups.o
 .xdata         0x000000010042b268       0x34 build/FreeRTOS-Kernel/list.o
 .xdata         0x000000010042b29c      0x21c build/FreeRTOS-Kernel/queue.o
 .xdata         0x000000010042b4b8      0x120 build/FreeRTOS-Kernel/stream_buffer.o
 .xdata         0x000000010042b5d8      0x34c build/FreeRTOS-Kernel/tasks.o
 .xdata         0x000000010042b924      0x150 build/FreeRTOS-Kernel/timers.o
 .xdata         0x000000010042ba74       0x60 build/FreeRTOS-Kernel/heap_4.o
 .xdata         0x000000010042bad4      0x124 build/FreeRTOS-Kernel/port.o
 .xdata         0x000000010042bbf8       0x3c build/FreeRTOS-Kernel/wait_for_event.o
 .xdata         0x000000010042bc34       0xa8 build/FreeRTOS-Kernel/AbortDelay.o
 .xdata         0x000000010042bcdc       0x30 build/FreeRTOS-Kernel/BlockQ.o
 .xdata         0x000000010042bd0c       0x3c build/FreeRTOS-Kernel/blocktim.o
 .xdata         0x000000010042bd48       0x3c build/FreeRTOS-Kernel/countsem.o
 .xdata         0x000000010042bd84       0x30 build/FreeRTOS-Kernel/death.o
 .xdata         0x000000010042bdb4       0x54 build/FreeRTOS-Kernel/dynamic.o
 .xdata         0x000000010042be08       0x78 build/FreeRTOS-Kernel/EventGroupsDemo.o
 .xdata         0x000000010042be80       0x48 build/FreeRTOS-Kernel/flop.o
 .xdata         0x000000010042bec8       0x68 build/FreeRTOS-Kernel/GenQTest.o
 .xdata         0x000000010042bf30       0x24 build/FreeRTOS-Kernel/integer.o
 .xdata         0x000000010042bf54       0x5c build/FreeRTOS-Kernel/IntSemTest.o
 .xdata         0x000000010042bfb0       0x48 build/FreeRTOS-Kernel/MessageBufferAMP.o
 .xdata         0x000000010042bff8       0x6c build/FreeRTOS-Kernel/MessageBufferDemo.o
 .xdata         0x000000010042c064       0x30 build/FreeRTOS-Kernel/PollQ.o
 .xdata         0x000000010042c094       0x44 build/FreeRTOS-Kernel/QPeek.o
 .xdata         0x000000010042c0d8       0x30 build/FreeRTOS-Kernel/QueueOverwrite.o
 .xdata         0x000000010042c108       0xb8 build/FreeRTOS-Kernel/QueueSet.o
 .xdata         0x000000010042c1c0       0x2c build/FreeRTOS-Kernel/QueueSetPolling.o
 .xdata         0x000000010042c1ec       0x3c build/FreeRTOS-Kernel/recmutex.o
 .xdata         0x000000010042c228       0x24 build/FreeRTOS-Kernel/semtest.o
 .xdata         0x000000010042c24c       0xe4 build/FreeRTOS-Kernel/StaticAllocation.o
 .xdata         0x000000010042c330       0x8c build/FreeRTOS-Kernel/StreamBufferDemo.o
 .xdata         0x000000010042c3bc       0x30 build/FreeRTOS-Kernel/StreamBufferInterrupt.o
 .xdata         0x000000010042c3ec       0x60 build/FreeRTOS-Kernel/TaskNotify.o
 .xdata         0x000000010042c44c       0xc0 build/FreeRTOS-Kernel/TimerDemo.o
 .xdata         0x000000010042c50c      0x1dc build/Unity/unity.o
 .xdata         0x000000010042c6e8       0x98 build/Unity/unity_fixture.o
 .xdata         0x000000010042c780       0x80 build/project/app_manager.o
 .xdata         0x000000010042c800       0x8c build/project/network_manager.o
 .xdata         0x000000010042c88c       0x44 build/project/config.o
 .xdata         0x000000010042c8d0       0xd4 build/project/temperature.o
 .xdata         0x000000010042c9a4       0xbc build/project/wifidrv.o
 .xdata         0x000000010042ca60       0xa0 build/project/ow_device_ds18x20.o
 .xdata         0x000000010042cb00      0x15c build/project/ow.o
 .xdata         0x000000010042cc5c       0x3c build/project/app_events.o
 .xdata         0x000000010042cc98       0x24 build/project/app_timers.o
 .xdata         0x000000010042ccbc      0x130 build/project/lftpd.o
 .xdata         0x000000010042cdec       0x30 build/project/lftpd_inet.o
 .xdata         0x000000010042ce1c        0xc build/project/lftpd_io.o
 .xdata         0x000000010042ce28        0xc build/project/lftpd_log.o
 .xdata         0x000000010042ce34        0xc build/project/lftpd_string.o
 .xdata         0x000000010042ce40        0x8 /usr/lib/gcc/x86_64-pc-cygwin/11/../../../../lib/libcygwin.a(cygwin_crt0.o)
 .xdata         0x000000010042ce48        0x4 /usr/lib/gcc/x86_64-pc-cygwin/11/../../../../lib/libcygwin.a(premain0.o)
 .xdata         0x000000010042ce4c        0x4 /usr/lib/gcc/x86_64-pc-cygwin/11/../../../../lib/libcygwin.a(premain1.o)
 .xdata         0x000000010042ce50        0x4 /usr/lib/gcc/x86_64-pc-cygwin/11/../../../../lib/libcygwin.a(premain2.o)
 .xdata         0x000000010042ce54        0x4 /usr/lib/gcc/x86_64-pc-cygwin/11/../../../../lib/libcygwin.a(premain3.o)
 .xdata         0x000000010042ce58        0xc /usr/lib/gcc/x86_64-pc-cygwin/11/../../../../lib/libcygwin.a(_cygwin_crt0_common.o)
 .xdata         0x000000010042ce64        0xc /usr/lib/gcc/x86_64-pc-cygwin/11/../../../../lib/libcygwin.a(dll_entry.o)
 .xdata         0x000000010042ce70        0x4 /usr/lib/gcc/x86_64-pc-cygwin/11/../../../../lib/libcygwin.a(dll_main.o)
 .xdata         0x000000010042ce74        0x4 /usr/lib/gcc/x86_64-pc-cygwin/11/../../../../lib/libcygwin.a(pseudo-reloc-dummy.o)
 .xdata         0x000000010042ce78        0xc /usr/lib/gcc/x86_64-pc-cygwin/11/../../../../lib/libcygwin.a(cygwin_attach_dll.o)
 .xdata.startup
                0x000000010042ce84        0x4 /usr/lib/gcc/x86_64-pc-cygwin/11/crtend.o

.bss            0x000000010042d000   0x10db80
                0x000000010042d000                __bss_start__ = .
 *(.bss)
 .bss           0x000000010042d000        0x0 /usr/lib/gcc/x86_64-pc-cygwin/11/../../../../lib/crt0.o
 .bss           0x000000010042d000        0x0 /usr/lib/gcc/x86_64-pc-cygwin/11/crtbegin.o
 .bss           0x000000010042d000     0x61a0 build/main/freertos_hooks.o
                0x000000010042d000                uxTimerTaskStack
 .bss           0x00000001004331a0        0x0 build/main/main.o
 .bss           0x00000001004331a0        0x0 build/main/esp_mock.o
 .bss           0x00000001004331a0        0x0 build/main/ow_esp32.o
 .bss           0x00000001004331a0        0x0 build/main/pcf8574.o
 .bss           0x00000001004331a0        0x0 build/main/wifi_mock.o
 .bss           0x00000001004331a0        0x0 build/FreeRTOS-Kernel/croutine.o
 .bss           0x00000001004331a0        0x0 build/FreeRTOS-Kernel/event_groups.o
 .bss           0x00000001004331a0        0x0 build/FreeRTOS-Kernel/list.o
 .bss           0x00000001004331a0      0x140 build/FreeRTOS-Kernel/queue.o
                0x00000001004331a0                xQueueRegistry
 .bss           0x00000001004332e0        0x0 build/FreeRTOS-Kernel/stream_buffer.o
 .bss           0x00000001004332e0      0x2c0 build/FreeRTOS-Kernel/tasks.o
                0x00000001004332e0                pxCurrentTCB
                0x0000000100433300                pxReadyTasksLists
                0x0000000100433420                xDelayedTaskList1
                0x0000000100433460                xDelayedTaskList2
                0x0000000100433488                pxDelayedTaskList
                0x0000000100433490                pxOverflowDelayedTaskList
                0x00000001004334a0                xPendingReadyList
                0x00000001004334e0                xTasksWaitingTermination
                0x0000000100433508                uxDeletedTasksWaitingCleanUp
                0x0000000100433520                xSuspendedTaskList
                0x0000000100433548                uxCurrentNumberOfTasks
                0x0000000100433550                uxTopReadyPriority
                0x0000000100433558                xSchedulerRunning
                0x0000000100433560                xPendedTicks
                0x0000000100433568                xYieldPending
                0x0000000100433570                xNumOfOverflows
                0x0000000100433578                uxTaskNumber
                0x0000000100433580                xNextTaskUnblockTime
                0x0000000100433588                xIdleTaskHandle
                0x0000000100433590                uxSchedulerSuspended
                0x0000000100433598                ulTaskSwitchedInTime
                0x000000010043359c                ulTotalRunTime
 .bss           0x00000001004335a0      0x3e0 build/FreeRTOS-Kernel/timers.o
 .bss           0x0000000100433980   0x100040 build/FreeRTOS-Kernel/heap_4.o
 .bss           0x00000001005339c0       0x30 build/FreeRTOS-Kernel/port.o
 .bss           0x00000001005339f0        0x0 build/FreeRTOS-Kernel/wait_for_event.o
 *fill*         0x00000001005339f0       0x10 
 .bss           0x0000000100533a00      0x200 build/FreeRTOS-Kernel/AbortDelay.o
 .bss           0x0000000100533c00       0x20 build/FreeRTOS-Kernel/BlockQ.o